Archive member included to satisfy reference by file (symbol)

c:/users/haru/.p2/pool/plugins/fr.ac6.mcu.externaltools.arm-none.win32_1.17.0.201812190825/tools/compiler/bin/../lib/gcc/arm-none-eabi/7.3.1/../../../../arm-none-eabi/lib/thumb/v7-m\libc_nano.a(lib_a-errno.o)
                              Src/syscalls.o (__errno)
c:/users/haru/.p2/pool/plugins/fr.ac6.mcu.externaltools.arm-none.win32_1.17.0.201812190825/tools/compiler/bin/../lib/gcc/arm-none-eabi/7.3.1/../../../../arm-none-eabi/lib/thumb/v7-m\libc_nano.a(lib_a-exit.o)
                              c:/users/haru/.p2/pool/plugins/fr.ac6.mcu.externaltools.arm-none.win32_1.17.0.201812190825/tools/compiler/bin/../lib/gcc/arm-none-eabi/7.3.1/../../../../arm-none-eabi/lib/thumb/v7-m/crt0.o (exit)
c:/users/haru/.p2/pool/plugins/fr.ac6.mcu.externaltools.arm-none.win32_1.17.0.201812190825/tools/compiler/bin/../lib/gcc/arm-none-eabi/7.3.1/../../../../arm-none-eabi/lib/thumb/v7-m\libc_nano.a(lib_a-impure.o)
                              c:/users/haru/.p2/pool/plugins/fr.ac6.mcu.externaltools.arm-none.win32_1.17.0.201812190825/tools/compiler/bin/../lib/gcc/arm-none-eabi/7.3.1/../../../../arm-none-eabi/lib/thumb/v7-m\libc_nano.a(lib_a-exit.o) (_global_impure_ptr)
c:/users/haru/.p2/pool/plugins/fr.ac6.mcu.externaltools.arm-none.win32_1.17.0.201812190825/tools/compiler/bin/../lib/gcc/arm-none-eabi/7.3.1/../../../../arm-none-eabi/lib/thumb/v7-m\libc_nano.a(lib_a-init.o)
                              c:/users/haru/.p2/pool/plugins/fr.ac6.mcu.externaltools.arm-none.win32_1.17.0.201812190825/tools/compiler/bin/../lib/gcc/arm-none-eabi/7.3.1/../../../../arm-none-eabi/lib/thumb/v7-m/crt0.o (__libc_init_array)
c:/users/haru/.p2/pool/plugins/fr.ac6.mcu.externaltools.arm-none.win32_1.17.0.201812190825/tools/compiler/bin/../lib/gcc/arm-none-eabi/7.3.1/../../../../arm-none-eabi/lib/thumb/v7-m\libc_nano.a(lib_a-memset.o)
                              c:/users/haru/.p2/pool/plugins/fr.ac6.mcu.externaltools.arm-none.win32_1.17.0.201812190825/tools/compiler/bin/../lib/gcc/arm-none-eabi/7.3.1/../../../../arm-none-eabi/lib/thumb/v7-m/crt0.o (memset)

Allocating common symbols
Common symbol       size              file

hUsbDeviceFS        0x2c4             Src/usb_device.o
uwTick              0x4               Drivers/STM32F1xx_HAL_Driver/Src/stm32f1xx_hal.o
pFlash              0x20              Drivers/STM32F1xx_HAL_Driver/Src/stm32f1xx_hal_flash.o
hpcd_USB_FS         0x26c             Src/usbd_conf.o
USBD_StrDesc        0x200             Src/usbd_desc.o

Discarded input sections

 .text          0x00000000        0x0 c:/users/haru/.p2/pool/plugins/fr.ac6.mcu.externaltools.arm-none.win32_1.17.0.201812190825/tools/compiler/bin/../lib/gcc/arm-none-eabi/7.3.1/thumb/v7-m/crti.o
 .data          0x00000000        0x0 c:/users/haru/.p2/pool/plugins/fr.ac6.mcu.externaltools.arm-none.win32_1.17.0.201812190825/tools/compiler/bin/../lib/gcc/arm-none-eabi/7.3.1/thumb/v7-m/crti.o
 .bss           0x00000000        0x0 c:/users/haru/.p2/pool/plugins/fr.ac6.mcu.externaltools.arm-none.win32_1.17.0.201812190825/tools/compiler/bin/../lib/gcc/arm-none-eabi/7.3.1/thumb/v7-m/crti.o
 .data          0x00000000        0x4 c:/users/haru/.p2/pool/plugins/fr.ac6.mcu.externaltools.arm-none.win32_1.17.0.201812190825/tools/compiler/bin/../lib/gcc/arm-none-eabi/7.3.1/thumb/v7-m/crtbegin.o
 .text          0x00000000       0x74 c:/users/haru/.p2/pool/plugins/fr.ac6.mcu.externaltools.arm-none.win32_1.17.0.201812190825/tools/compiler/bin/../lib/gcc/arm-none-eabi/7.3.1/../../../../arm-none-eabi/lib/thumb/v7-m/crt0.o
 .data          0x00000000        0x0 c:/users/haru/.p2/pool/plugins/fr.ac6.mcu.externaltools.arm-none.win32_1.17.0.201812190825/tools/compiler/bin/../lib/gcc/arm-none-eabi/7.3.1/../../../../arm-none-eabi/lib/thumb/v7-m/crt0.o
 .bss           0x00000000        0x0 c:/users/haru/.p2/pool/plugins/fr.ac6.mcu.externaltools.arm-none.win32_1.17.0.201812190825/tools/compiler/bin/../lib/gcc/arm-none-eabi/7.3.1/../../../../arm-none-eabi/lib/thumb/v7-m/crt0.o
 .ARM.extab     0x00000000        0x0 c:/users/haru/.p2/pool/plugins/fr.ac6.mcu.externaltools.arm-none.win32_1.17.0.201812190825/tools/compiler/bin/../lib/gcc/arm-none-eabi/7.3.1/../../../../arm-none-eabi/lib/thumb/v7-m/crt0.o
 .ARM.exidx     0x00000000        0x8 c:/users/haru/.p2/pool/plugins/fr.ac6.mcu.externaltools.arm-none.win32_1.17.0.201812190825/tools/compiler/bin/../lib/gcc/arm-none-eabi/7.3.1/../../../../arm-none-eabi/lib/thumb/v7-m/crt0.o
 .ARM.attributes
                0x00000000       0x1b c:/users/haru/.p2/pool/plugins/fr.ac6.mcu.externaltools.arm-none.win32_1.17.0.201812190825/tools/compiler/bin/../lib/gcc/arm-none-eabi/7.3.1/../../../../arm-none-eabi/lib/thumb/v7-m/crt0.o
 .group         0x00000000        0xc Drivers/STM32F1xx_HAL_Driver/Src/stm32f1xx_hal.o
 .group         0x00000000        0xc Drivers/STM32F1xx_HAL_Driver/Src/stm32f1xx_hal.o
 .group         0x00000000        0xc Drivers/STM32F1xx_HAL_Driver/Src/stm32f1xx_hal.o
[...]
Memory Configuration

Name             Origin             Length             Attributes
RAM              0x20000000         0x00005000         xrw
FLASH            0x08000000         0x00010000         xr
*default*        0x00000000         0xffffffff

Linker script and memory map

LOAD c:/users/haru/.p2/pool/plugins/fr.ac6.mcu.externaltools.arm-none.win32_1.17.0.201812190825/tools/compiler/bin/../lib/gcc/arm-none-eabi/7.3.1/thumb/v7-m/crti.o
LOAD c:/users/haru/.p2/pool/plugins/fr.ac6.mcu.externaltools.arm-none.win32_1.17.0.201812190825/tools/compiler/bin/../lib/gcc/arm-none-eabi/7.3.1/thumb/v7-m/crtbegin.o
LOAD c:/users/haru/.p2/pool/plugins/fr.ac6.mcu.externaltools.arm-none.win32_1.17.0.201812190825/tools/compiler/bin/../lib/gcc/arm-none-eabi/7.3.1/../../../../arm-none-eabi/lib/thumb/v7-m/crt0.o
LOAD Drivers/STM32F1xx_HAL_Driver/Src/stm32f1xx_hal.o
LOAD Drivers/STM32F1xx_HAL_Driver/Src/stm32f1xx_hal_cortex.o
LOAD Drivers/STM32F1xx_HAL_Driver/Src/stm32f1xx_hal_dma.o
LOAD Drivers/STM32F1xx_HAL_Driver/Src/stm32f1xx_hal_exti.o
LOAD Drivers/STM32F1xx_HAL_Driver/Src/stm32f1xx_hal_flash.o
LOAD Drivers/STM32F1xx_HAL_Driver/Src/stm32f1xx_hal_flash_ex.o
LOAD Drivers/STM32F1xx_HAL_Driver/Src/stm32f1xx_hal_gpio.o
LOAD Drivers/STM32F1xx_HAL_Driver/Src/stm32f1xx_hal_gpio_ex.o
LOAD Drivers/STM32F1xx_HAL_Driver/Src/stm32f1xx_hal_pcd.o
LOAD Drivers/STM32F1xx_HAL_Driver/Src/stm32f1xx_hal_pcd_ex.o
LOAD Drivers/STM32F1xx_HAL_Driver/Src/stm32f1xx_hal_pwr.o
LOAD Drivers/STM32F1xx_HAL_Driver/Src/stm32f1xx_hal_rcc.o
LOAD Drivers/STM32F1xx_HAL_Driver/Src/stm32f1xx_hal_rcc_ex.o
LOAD Drivers/STM32F1xx_HAL_Driver/Src/stm32f1xx_hal_tim.o
LOAD Drivers/STM32F1xx_HAL_Driver/Src/stm32f1xx_hal_tim_ex.o
LOAD Drivers/STM32F1xx_HAL_Driver/Src/stm32f1xx_ll_usb.o
LOAD Middlewares/ST/STM32_USB_Device_Library/Class/CustomHID/Src/usbd_customhid.o
LOAD Middlewares/ST/STM32_USB_Device_Library/Core/Src/usbd_core.o
LOAD Middlewares/ST/STM32_USB_Device_Library/Core/Src/usbd_ctlreq.o
LOAD Middlewares/ST/STM32_USB_Device_Library/Core/Src/usbd_ioreq.o
LOAD Src/main.o
LOAD Src/stm32f1xx_hal_msp.o
LOAD Src/stm32f1xx_it.o
LOAD Src/syscalls.o
LOAD Src/system_stm32f1xx.o
LOAD Src/usb_device.o
LOAD Src/usbd_conf.o
LOAD Src/usbd_custom_hid_if.o
LOAD Src/usbd_desc.o
LOAD startup/startup_stm32f103xb.o
LOAD c:/users/haru/.p2/pool/plugins/fr.ac6.mcu.externaltools.arm-none.win32_1.17.0.201812190825/tools/compiler/bin/../lib/gcc/arm-none-eabi/7.3.1/../../../../arm-none-eabi/lib/thumb/v7-m\libm.a
START GROUP
LOAD c:/users/haru/.p2/pool/plugins/fr.ac6.mcu.externaltools.arm-none.win32_1.17.0.201812190825/tools/compiler/bin/../lib/gcc/arm-none-eabi/7.3.1/thumb/v7-m\libgcc.a
LOAD c:/users/haru/.p2/pool/plugins/fr.ac6.mcu.externaltools.arm-none.win32_1.17.0.201812190825/tools/compiler/bin/../lib/gcc/arm-none-eabi/7.3.1/../../../../arm-none-eabi/lib/thumb/v7-m\libc_nano.a
END GROUP
START GROUP
LOAD c:/users/haru/.p2/pool/plugins/fr.ac6.mcu.externaltools.arm-none.win32_1.17.0.201812190825/tools/compiler/bin/../lib/gcc/arm-none-eabi/7.3.1/thumb/v7-m\libgcc.a
LOAD c:/users/haru/.p2/pool/plugins/fr.ac6.mcu.externaltools.arm-none.win32_1.17.0.201812190825/tools/compiler/bin/../lib/gcc/arm-none-eabi/7.3.1/../../../../arm-none-eabi/lib/thumb/v7-m\libc_nano.a
LOAD c:/users/haru/.p2/pool/plugins/fr.ac6.mcu.externaltools.arm-none.win32_1.17.0.201812190825/tools/compiler/bin/../lib/gcc/arm-none-eabi/7.3.1/../../../../arm-none-eabi/lib/thumb/v7-m\libnosys.a
END GROUP
START GROUP
LOAD c:/users/haru/.p2/pool/plugins/fr.ac6.mcu.externaltools.arm-none.win32_1.17.0.201812190825/tools/compiler/bin/../lib/gcc/arm-none-eabi/7.3.1/thumb/v7-m\libgcc.a
LOAD c:/users/haru/.p2/pool/plugins/fr.ac6.mcu.externaltools.arm-none.win32_1.17.0.201812190825/tools/compiler/bin/../lib/gcc/arm-none-eabi/7.3.1/../../../../arm-none-eabi/lib/thumb/v7-m\libc_nano.a
LOAD c:/users/haru/.p2/pool/plugins/fr.ac6.mcu.externaltools.arm-none.win32_1.17.0.201812190825/tools/compiler/bin/../lib/gcc/arm-none-eabi/7.3.1/../../../../arm-none-eabi/lib/thumb/v7-m\libnosys.a
END GROUP
LOAD c:/users/haru/.p2/pool/plugins/fr.ac6.mcu.externaltools.arm-none.win32_1.17.0.201812190825/tools/compiler/bin/../lib/gcc/arm-none-eabi/7.3.1/thumb/v7-m/crtend.o
LOAD c:/users/haru/.p2/pool/plugins/fr.ac6.mcu.externaltools.arm-none.win32_1.17.0.201812190825/tools/compiler/bin/../lib/gcc/arm-none-eabi/7.3.1/thumb/v7-m/crtn.o
                0x20005000                _estack = 0x20005000
                0x00000200                _Min_Heap_Size = 0x200
                0x00000400                _Min_Stack_Size = 0x400

.isr_vector     0x08000000      0x10c
                0x08000000                . = ALIGN (0x4)
 *(.isr_vector)
 .isr_vector    0x08000000      0x10c startup/startup_stm32f103xb.o
                0x08000000                g_pfnVectors
                0x0800010c                . = ALIGN (0x4)

.text           0x0800010c     0x2d30
                0x0800010c                . = ALIGN (0x4)
 *(.text)
 .text          0x0800010c       0x40 c:/users/haru/.p2/pool/plugins/fr.ac6.mcu.externaltools.arm-none.win32_1.17.0.201812190825/tools/compiler/bin/../lib/gcc/arm-none-eabi/7.3.1/thumb/v7-m/crtbegin.o
 *(.text*)
 .text.HAL_InitTick
                0x0800014c       0x48 Drivers/STM32F1xx_HAL_Driver/Src/stm32f1xx_hal.o
                0x0800014c                HAL_InitTick
 .text.HAL_Init
                0x08000194       0x24 Drivers/STM32F1xx_HAL_Driver/Src/stm32f1xx_hal.o
                0x08000194                HAL_Init
 .text.HAL_IncTick
                0x080001b8       0x18 Drivers/STM32F1xx_HAL_Driver/Src/stm32f1xx_hal.o
                0x080001b8                HAL_IncTick
 .text.HAL_GetTick
                0x080001d0        0xc Drivers/STM32F1xx_HAL_Driver/Src/stm32f1xx_hal.o
                0x080001d0                HAL_GetTick
 .text.HAL_NVIC_SetPriorityGrouping
                0x080001dc       0x24 Drivers/STM32F1xx_HAL_Driver/Src/stm32f1xx_hal_cortex.o
                0x080001dc                HAL_NVIC_SetPriorityGrouping
 .text.HAL_NVIC_SetPriority
                0x08000200       0x68 Drivers/STM32F1xx_HAL_Driver/Src/stm32f1xx_hal_cortex.o
                0x08000200                HAL_NVIC_SetPriority
 .text.HAL_NVIC_EnableIRQ
                0x08000268       0x1c Drivers/STM32F1xx_HAL_Driver/Src/stm32f1xx_hal_cortex.o
                0x08000268                HAL_NVIC_EnableIRQ
 .text.HAL_SYSTICK_Config
                0x08000284       0x2c Drivers/STM32F1xx_HAL_Driver/Src/stm32f1xx_hal_cortex.o
                0x08000284                HAL_SYSTICK_Config
 .text.HAL_PCD_Init
                0x080002b0       0xf4 Drivers/STM32F1xx_HAL_Driver/Src/stm32f1xx_hal_pcd.o
                0x080002b0                HAL_PCD_Init
 .text.HAL_PCD_Start
                0x080003a4       0x2e Drivers/STM32F1xx_HAL_Driver/Src/stm32f1xx_hal_pcd.o
                0x080003a4                HAL_PCD_Start
 .text.HAL_PCD_SetAddress
                0x080003d2       0x28 Drivers/STM32F1xx_HAL_Driver/Src/stm32f1xx_hal_pcd.o
                0x080003d2                HAL_PCD_SetAddress
 .text.HAL_PCD_EP_Open
                0x080003fa       0x70 Drivers/STM32F1xx_HAL_Driver/Src/stm32f1xx_hal_pcd.o
                0x080003fa                HAL_PCD_EP_Open
 .text.HAL_PCD_EP_Close
                0x0800046a       0x5c Drivers/STM32F1xx_HAL_Driver/Src/stm32f1xx_hal_pcd.o
                0x0800046a                HAL_PCD_EP_Close
 .text.HAL_PCD_EP_Receive
                0x080004c6       0x3e Drivers/STM32F1xx_HAL_Driver/Src/stm32f1xx_hal_pcd.o
                0x080004c6                HAL_PCD_EP_Receive
 .text.HAL_PCD_EP_Transmit
                0x08000504       0x3c Drivers/STM32F1xx_HAL_Driver/Src/stm32f1xx_hal_pcd.o
                0x08000504                HAL_PCD_EP_Transmit
 .text.PCD_EP_ISR_Handler
                0x08000540      0x370 Drivers/STM32F1xx_HAL_Driver/Src/stm32f1xx_hal_pcd.o
 .text.HAL_PCD_IRQHandler
                0x080008b0      0x172 Drivers/STM32F1xx_HAL_Driver/Src/stm32f1xx_hal_pcd.o
                0x080008b0                HAL_PCD_IRQHandler
 .text.HAL_PCD_EP_SetStall
                0x08000a22       0x6e Drivers/STM32F1xx_HAL_Driver/Src/stm32f1xx_hal_pcd.o
                0x08000a22                HAL_PCD_EP_SetStall
 .text.HAL_PCD_EP_ClrStall
                0x08000a90       0x6e Drivers/STM32F1xx_HAL_Driver/Src/stm32f1xx_hal_pcd.o
                0x08000a90                HAL_PCD_EP_ClrStall
 .text.HAL_PCDEx_PMAConfig
                0x08000afe       0x30 Drivers/STM32F1xx_HAL_Driver/Src/stm32f1xx_hal_pcd_ex.o
                0x08000afe                HAL_PCDEx_PMAConfig
 *fill*         0x08000b2e        0x2 
 .text.RCC_Delay
                0x08000b30       0x2c Drivers/STM32F1xx_HAL_Driver/Src/stm32f1xx_hal_rcc.o
 .text.HAL_RCC_OscConfig
                0x08000b5c      0x410 Drivers/STM32F1xx_HAL_Driver/Src/stm32f1xx_hal_rcc.o
                0x08000b5c                HAL_RCC_OscConfig
 .text.HAL_RCC_GetSysClockFreq
                0x08000f6c       0x70 Drivers/STM32F1xx_HAL_Driver/Src/stm32f1xx_hal_rcc.o
                0x08000f6c                HAL_RCC_GetSysClockFreq
 .text.HAL_RCC_ClockConfig
                0x08000fdc      0x168 Drivers/STM32F1xx_HAL_Driver/Src/stm32f1xx_hal_rcc.o
                0x08000fdc                HAL_RCC_ClockConfig
 .text.HAL_RCCEx_PeriphCLKConfig
                0x08001144      0x114 Drivers/STM32F1xx_HAL_Driver/Src/stm32f1xx_hal_rcc_ex.o
                0x08001144                HAL_RCCEx_PeriphCLKConfig
 .text.USB_CoreInit
                0x08001258        0xe Drivers/STM32F1xx_HAL_Driver/Src/stm32f1xx_ll_usb.o
                0x08001258                USB_CoreInit
 .text.USB_EnableGlobalInt
                0x08001266       0x10 Drivers/STM32F1xx_HAL_Driver/Src/stm32f1xx_ll_usb.o
                0x08001266                USB_EnableGlobalInt
 .text.USB_DisableGlobalInt
                0x08001276       0x14 Drivers/STM32F1xx_HAL_Driver/Src/stm32f1xx_ll_usb.o
                0x08001276                USB_DisableGlobalInt
 .text.USB_SetCurrentMode
                0x0800128a        0x4 Drivers/STM32F1xx_HAL_Driver/Src/stm32f1xx_ll_usb.o
                0x0800128a                USB_SetCurrentMode
 .text.USB_DevInit
                0x0800128e       0x2c Drivers/STM32F1xx_HAL_Driver/Src/stm32f1xx_ll_usb.o
                0x0800128e                USB_DevInit
 .text.USB_ActivateEndpoint
                0x080012ba      0x368 Drivers/STM32F1xx_HAL_Driver/Src/stm32f1xx_ll_usb.o
                0x080012ba                USB_ActivateEndpoint
 .text.USB_DeactivateEndpoint
                0x08001622      0x1d4 Drivers/STM32F1xx_HAL_Driver/Src/stm32f1xx_ll_usb.o
                0x08001622                USB_DeactivateEndpoint
 .text.USB_EPSetStall
                0x080017f6       0x4a Drivers/STM32F1xx_HAL_Driver/Src/stm32f1xx_ll_usb.o
                0x080017f6                USB_EPSetStall
 .text.USB_EPClearStall
                0x08001840       0xa2 Drivers/STM32F1xx_HAL_Driver/Src/stm32f1xx_ll_usb.o
                0x08001840                USB_EPClearStall
 .text.USB_SetDevAddress
                0x080018e2        0xc Drivers/STM32F1xx_HAL_Driver/Src/stm32f1xx_ll_usb.o
                0x080018e2                USB_SetDevAddress
 .text.USB_DevConnect
                0x080018ee        0x4 Drivers/STM32F1xx_HAL_Driver/Src/stm32f1xx_ll_usb.o
                0x080018ee                USB_DevConnect
 .text.USB_DevDisconnect
                0x080018f2        0x4 Drivers/STM32F1xx_HAL_Driver/Src/stm32f1xx_ll_usb.o
                0x080018f2                USB_DevDisconnect
 .text.USB_ReadInterrupts
                0x080018f6        0x6 Drivers/STM32F1xx_HAL_Driver/Src/stm32f1xx_ll_usb.o
                0x080018f6                USB_ReadInterrupts
 .text.USB_EP0_OutStart
                0x080018fc        0x4 Drivers/STM32F1xx_HAL_Driver/Src/stm32f1xx_ll_usb.o
                0x080018fc                USB_EP0_OutStart
 .text.USB_WritePMA
                0x08001900       0x2a Drivers/STM32F1xx_HAL_Driver/Src/stm32f1xx_ll_usb.o
                0x08001900                USB_WritePMA
 .text.USB_EPStartXfer
                0x0800192a      0x320 Drivers/STM32F1xx_HAL_Driver/Src/stm32f1xx_ll_usb.o
                0x0800192a                USB_EPStartXfer
 .text.USB_ReadPMA
                0x08001c4a       0x30 Drivers/STM32F1xx_HAL_Driver/Src/stm32f1xx_ll_usb.o
                0x08001c4a                USB_ReadPMA
 *fill*         0x08001c7a        0x2 
 .text.USBD_CUSTOM_HID_GetFSCfgDesc
                0x08001c7c        0xc Middlewares/ST/STM32_USB_Device_Library/Class/CustomHID/Src/usbd_customhid.o
 .text.USBD_CUSTOM_HID_GetHSCfgDesc
                0x08001c88        0xc Middlewares/ST/STM32_USB_Device_Library/Class/CustomHID/Src/usbd_customhid.o
 .text.USBD_CUSTOM_HID_GetOtherSpeedCfgDesc
                0x08001c94        0xc Middlewares/ST/STM32_USB_Device_Library/Class/CustomHID/Src/usbd_customhid.o
 .text.USBD_CUSTOM_HID_DataIn
                0x08001ca0        0xa Middlewares/ST/STM32_USB_Device_Library/Class/CustomHID/Src/usbd_customhid.o
 .text.USBD_CUSTOM_HID_EP0_RxReady
                0x08001caa       0x20 Middlewares/ST/STM32_USB_Device_Library/Class/CustomHID/Src/usbd_customhid.o
 *fill*         0x08001cca        0x2 
 .text.USBD_CUSTOM_HID_GetDeviceQualifierDesc
                0x08001ccc        0xc Middlewares/ST/STM32_USB_Device_Library/Class/CustomHID/Src/usbd_customhid.o
 .text.USBD_CUSTOM_HID_DataOut
                0x08001cd8       0x24 Middlewares/ST/STM32_USB_Device_Library/Class/CustomHID/Src/usbd_customhid.o
 .text.USBD_CUSTOM_HID_Setup
                0x08001cfc      0x128 Middlewares/ST/STM32_USB_Device_Library/Class/CustomHID/Src/usbd_customhid.o
 .text.USBD_CUSTOM_HID_DeInit
                0x08001e24       0x38 Middlewares/ST/STM32_USB_Device_Library/Class/CustomHID/Src/usbd_customhid.o
 .text.USBD_CUSTOM_HID_Init
                0x08001e5c       0x50 Middlewares/ST/STM32_USB_Device_Library/Class/CustomHID/Src/usbd_customhid.o
 .text.USBD_CUSTOM_HID_RegisterInterface
                0x08001eac        0xe Middlewares/ST/STM32_USB_Device_Library/Class/CustomHID/Src/usbd_customhid.o
                0x08001eac                USBD_CUSTOM_HID_RegisterInterface
 .text.USBD_Init
                0x08001eba       0x2e Middlewares/ST/STM32_USB_Device_Library/Core/Src/usbd_core.o
                0x08001eba                USBD_Init
 .text.USBD_RegisterClass
                0x08001ee8        0xe Middlewares/ST/STM32_USB_Device_Library/Core/Src/usbd_core.o
                0x08001ee8                USBD_RegisterClass
 .text.USBD_Start
                0x08001ef6        0xa Middlewares/ST/STM32_USB_Device_Library/Core/Src/usbd_core.o
                0x08001ef6                USBD_Start
 .text.USBD_SetClassConfig
                0x08001f00       0x1a Middlewares/ST/STM32_USB_Device_Library/Core/Src/usbd_core.o
                0x08001f00                USBD_SetClassConfig
 .text.USBD_ClrClassConfig
                0x08001f1a        0xe Middlewares/ST/STM32_USB_Device_Library/Core/Src/usbd_core.o
                0x08001f1a                USBD_ClrClassConfig
 .text.USBD_LL_SetupStage
                0x08001f28       0x5a Middlewares/ST/STM32_USB_Device_Library/Core/Src/usbd_core.o
                0x08001f28                USBD_LL_SetupStage
 .text.USBD_LL_DataOutStage
                0x08001f82       0x92 Middlewares/ST/STM32_USB_Device_Library/Core/Src/usbd_core.o
                0x08001f82                USBD_LL_DataOutStage
 .text.USBD_LL_DataInStage
                0x08002014       0xd2 Middlewares/ST/STM32_USB_Device_Library/Core/Src/usbd_core.o
                0x08002014                USBD_LL_DataInStage
 .text.USBD_LL_Reset
                0x080020e6       0x50 Middlewares/ST/STM32_USB_Device_Library/Core/Src/usbd_core.o
                0x080020e6                USBD_LL_Reset
 .text.USBD_LL_SetSpeed
                0x08002136        0x6 Middlewares/ST/STM32_USB_Device_Library/Core/Src/usbd_core.o
                0x08002136                USBD_LL_SetSpeed
 .text.USBD_LL_Suspend
                0x0800213c       0x12 Middlewares/ST/STM32_USB_Device_Library/Core/Src/usbd_core.o
                0x0800213c                USBD_LL_Suspend
 .text.USBD_LL_Resume
                0x0800214e       0x16 Middlewares/ST/STM32_USB_Device_Library/Core/Src/usbd_core.o
                0x0800214e                USBD_LL_Resume
 .text.USBD_LL_SOF
                0x08002164       0x1c Middlewares/ST/STM32_USB_Device_Library/Core/Src/usbd_core.o
                0x08002164                USBD_LL_SOF
 .text.USBD_GetLen
                0x08002180       0x14 Middlewares/ST/STM32_USB_Device_Library/Core/Src/usbd_ctlreq.o
 .text.USBD_SetFeature
                0x08002194       0x14 Middlewares/ST/STM32_USB_Device_Library/Core/Src/usbd_ctlreq.o
 .text.USBD_ParseSetupRequest
                0x080021a8       0x28 Middlewares/ST/STM32_USB_Device_Library/Core/Src/usbd_ctlreq.o
                0x080021a8                USBD_ParseSetupRequest
 .text.USBD_CtlError
                0x080021d0       0x14 Middlewares/ST/STM32_USB_Device_Library/Core/Src/usbd_ctlreq.o
                0x080021d0                USBD_CtlError
 .text.USBD_GetDescriptor
                0x080021e4      0x186 Middlewares/ST/STM32_USB_Device_Library/Core/Src/usbd_ctlreq.o
 .text.USBD_SetAddress
                0x0800236a       0x4e Middlewares/ST/STM32_USB_Device_Library/Core/Src/usbd_ctlreq.o
 .text.USBD_SetConfig
                0x080023b8       0xb0 Middlewares/ST/STM32_USB_Device_Library/Core/Src/usbd_ctlreq.o
 .text.USBD_GetConfig
                0x08002468       0x3c Middlewares/ST/STM32_USB_Device_Library/Core/Src/usbd_ctlreq.o
 .text.USBD_GetStatus
                0x080024a4       0x38 Middlewares/ST/STM32_USB_Device_Library/Core/Src/usbd_ctlreq.o
 .text.USBD_ClrFeature
                0x080024dc       0x26 Middlewares/ST/STM32_USB_Device_Library/Core/Src/usbd_ctlreq.o
 .text.USBD_StdDevReq
                0x08002502       0x68 Middlewares/ST/STM32_USB_Device_Library/Core/Src/usbd_ctlreq.o
                0x08002502                USBD_StdDevReq
 .text.USBD_StdItfReq
                0x0800256a       0x60 Middlewares/ST/STM32_USB_Device_Library/Core/Src/usbd_ctlreq.o
                0x0800256a                USBD_StdItfReq
 .text.USBD_StdEPReq
                0x080025ca      0x20e Middlewares/ST/STM32_USB_Device_Library/Core/Src/usbd_ctlreq.o
                0x080025ca                USBD_StdEPReq
 .text.USBD_GetString
                0x080027d8       0x38 Middlewares/ST/STM32_USB_Device_Library/Core/Src/usbd_ctlreq.o
                0x080027d8                USBD_GetString
 .text.USBD_CtlSendData
                0x08002810       0x1a Middlewares/ST/STM32_USB_Device_Library/Core/Src/usbd_ioreq.o
                0x08002810                USBD_CtlSendData
 .text.USBD_CtlContinueSendData
                0x0800282a       0x10 Middlewares/ST/STM32_USB_Device_Library/Core/Src/usbd_ioreq.o
                0x0800282a                USBD_CtlContinueSendData
 .text.USBD_CtlPrepareRx
                0x0800283a       0x1e Middlewares/ST/STM32_USB_Device_Library/Core/Src/usbd_ioreq.o
                0x0800283a                USBD_CtlPrepareRx
 .text.USBD_CtlContinueRx
                0x08002858       0x10 Middlewares/ST/STM32_USB_Device_Library/Core/Src/usbd_ioreq.o
                0x08002858                USBD_CtlContinueRx
 .text.USBD_CtlSendStatus
                0x08002868       0x16 Middlewares/ST/STM32_USB_Device_Library/Core/Src/usbd_ioreq.o
                0x08002868                USBD_CtlSendStatus
 .text.USBD_CtlReceiveStatus
                0x0800287e       0x16 Middlewares/ST/STM32_USB_Device_Library/Core/Src/usbd_ioreq.o
                0x0800287e                USBD_CtlReceiveStatus
 .text.MX_GPIO_Init
                0x08002894       0x30 Src/main.o
 .text.SystemClock_Config
                0x080028c4       0x6a Src/main.o
                0x080028c4                SystemClock_Config
 .text.main     0x0800292e       0x14 Src/main.o
                0x0800292e                main
 .text.Error_Handler
                0x08002942        0x2 Src/main.o
                0x08002942                Error_Handler
 .text.HAL_MspInit
                0x08002944       0x44 Src/stm32f1xx_hal_msp.o
                0x08002944                HAL_MspInit
 .text.NMI_Handler
                0x08002988        0x2 Src/stm32f1xx_it.o
                0x08002988                NMI_Handler
 .text.HardFault_Handler
                0x0800298a        0x2 Src/stm32f1xx_it.o
                0x0800298a                HardFault_Handler
 .text.MemManage_Handler
                0x0800298c        0x2 Src/stm32f1xx_it.o
                0x0800298c                MemManage_Handler
 .text.BusFault_Handler
                0x0800298e        0x2 Src/stm32f1xx_it.o
                0x0800298e                BusFault_Handler
 .text.UsageFault_Handler
                0x08002990        0x2 Src/stm32f1xx_it.o
                0x08002990                UsageFault_Handler
 .text.SVC_Handler
                0x08002992        0x2 Src/stm32f1xx_it.o
                0x08002992                SVC_Handler
 .text.DebugMon_Handler
                0x08002994        0x2 Src/stm32f1xx_it.o
                0x08002994                DebugMon_Handler
 .text.PendSV_Handler
                0x08002996        0x2 Src/stm32f1xx_it.o
                0x08002996                PendSV_Handler
 .text.SysTick_Handler
                0x08002998        0x8 Src/stm32f1xx_it.o
                0x08002998                SysTick_Handler
 .text.USB_LP_CAN1_RX0_IRQHandler
                0x080029a0       0x10 Src/stm32f1xx_it.o
                0x080029a0                USB_LP_CAN1_RX0_IRQHandler
 .text.SystemInit
                0x080029b0       0x4c Src/system_stm32f1xx.o
                0x080029b0                SystemInit
 .text.MX_USB_DEVICE_Init
                0x080029fc       0x54 Src/usb_device.o
                0x080029fc                MX_USB_DEVICE_Init
 .text.USBD_Get_USB_Status
                0x08002a50       0x12 Src/usbd_conf.o
 *fill*         0x08002a62        0x2 
 .text.HAL_PCD_MspInit
                0x08002a64       0x40 Src/usbd_conf.o
                0x08002a64                HAL_PCD_MspInit
 .text.HAL_PCD_SetupStageCallback
                0x08002aa4       0x10 Src/usbd_conf.o
                0x08002aa4                HAL_PCD_SetupStageCallback
 .text.HAL_PCD_DataOutStageCallback
                0x08002ab4       0x14 Src/usbd_conf.o
                0x08002ab4                HAL_PCD_DataOutStageCallback
 .text.HAL_PCD_DataInStageCallback
                0x08002ac8       0x12 Src/usbd_conf.o
                0x08002ac8                HAL_PCD_DataInStageCallback
 .text.HAL_PCD_SOFCallback
                0x08002ada        0xc Src/usbd_conf.o
                0x08002ada                HAL_PCD_SOFCallback
 .text.HAL_PCD_ResetCallback
                0x08002ae6       0x22 Src/usbd_conf.o
                0x08002ae6                HAL_PCD_ResetCallback
 .text.HAL_PCD_SuspendCallback
                0x08002b08       0x20 Src/usbd_conf.o
                0x08002b08                HAL_PCD_SuspendCallback
 .text.HAL_PCD_ResumeCallback
                0x08002b28        0xc Src/usbd_conf.o
                0x08002b28                HAL_PCD_ResumeCallback
 .text.USBD_LL_Init
                0x08002b34       0x74 Src/usbd_conf.o
                0x08002b34                USBD_LL_Init
 .text.USBD_LL_Start
                0x08002ba8       0x10 Src/usbd_conf.o
                0x08002ba8                USBD_LL_Start
 .text.USBD_LL_OpenEP
                0x08002bb8       0x16 Src/usbd_conf.o
                0x08002bb8                USBD_LL_OpenEP
 .text.USBD_LL_CloseEP
                0x08002bce       0x10 Src/usbd_conf.o
                0x08002bce                USBD_LL_CloseEP
 .text.USBD_LL_StallEP
                0x08002bde       0x10 Src/usbd_conf.o
                0x08002bde                USBD_LL_StallEP
 .text.USBD_LL_ClearStallEP
                0x08002bee       0x10 Src/usbd_conf.o
                0x08002bee                USBD_LL_ClearStallEP
 .text.USBD_LL_IsStallEP
                0x08002bfe       0x26 Src/usbd_conf.o
                0x08002bfe                USBD_LL_IsStallEP
 .text.USBD_LL_SetUSBAddress
                0x08002c24       0x10 Src/usbd_conf.o
                0x08002c24                USBD_LL_SetUSBAddress
 .text.USBD_LL_Transmit
                0x08002c34       0x10 Src/usbd_conf.o
                0x08002c34                USBD_LL_Transmit
 .text.USBD_LL_PrepareReceive
                0x08002c44       0x10 Src/usbd_conf.o
                0x08002c44                USBD_LL_PrepareReceive
 .text.USBD_static_malloc
                0x08002c54        0x8 Src/usbd_conf.o
                0x08002c54                USBD_static_malloc
 .text.USBD_static_free
                0x08002c5c        0x2 Src/usbd_conf.o
                0x08002c5c                USBD_static_free
 .text.HAL_PCDEx_SetConnectionState
                0x08002c5e        0x2 Src/usbd_conf.o
                0x08002c5e                HAL_PCDEx_SetConnectionState
 .text.CUSTOM_HID_Init_FS
                0x08002c60        0x4 Src/usbd_custom_hid_if.o
 .text.CUSTOM_HID_DeInit_FS
                0x08002c64        0x4 Src/usbd_custom_hid_if.o
 .text.CUSTOM_HID_OutEvent_FS
                0x08002c68        0x4 Src/usbd_custom_hid_if.o
 .text.USBD_FS_DeviceDescriptor
                0x08002c6c        0xc Src/usbd_desc.o
                0x08002c6c                USBD_FS_DeviceDescriptor
 .text.USBD_FS_LangIDStrDescriptor
                0x08002c78        0xc Src/usbd_desc.o
                0x08002c78                USBD_FS_LangIDStrDescriptor
 .text.IntToUnicode
                0x08002c84       0x36 Src/usbd_desc.o
 *fill*         0x08002cba        0x2 
 .text.Get_SerialNum
                0x08002cbc       0x38 Src/usbd_desc.o
 .text.USBD_FS_SerialStrDescriptor
                0x08002cf4       0x14 Src/usbd_desc.o
                0x08002cf4                USBD_FS_SerialStrDescriptor
 .text.USBD_FS_ProductStrDescriptor
                0x08002d08       0x24 Src/usbd_desc.o
                0x08002d08                USBD_FS_ProductStrDescriptor
 .text.USBD_FS_ManufacturerStrDescriptor
                0x08002d2c       0x1c Src/usbd_desc.o
                0x08002d2c                USBD_FS_ManufacturerStrDescriptor
 .text.USBD_FS_ConfigStrDescriptor
                0x08002d48       0x24 Src/usbd_desc.o
                0x08002d48                USBD_FS_ConfigStrDescriptor
 .text.USBD_FS_InterfaceStrDescriptor
                0x08002d6c       0x24 Src/usbd_desc.o
                0x08002d6c                USBD_FS_InterfaceStrDescriptor
 .text.Reset_Handler
                0x08002d90       0x48 startup/startup_stm32f103xb.o
                0x08002d90                Reset_Handler
 .text.Default_Handler
                0x08002dd8        0x2 startup/startup_stm32f103xb.o
                0x08002dd8                RTC_Alarm_IRQHandler
                0x08002dd8                EXTI2_IRQHandler
                0x08002dd8                TIM1_CC_IRQHandler
                0x08002dd8                PVD_IRQHandler
                0x08002dd8                EXTI3_IRQHandler
                0x08002dd8                EXTI0_IRQHandler
                0x08002dd8                I2C2_EV_IRQHandler
                0x08002dd8                ADC1_2_IRQHandler
                0x08002dd8                SPI1_IRQHandler
                0x08002dd8                TAMPER_IRQHandler
                0x08002dd8                DMA1_Channel4_IRQHandler
                0x08002dd8                USART3_IRQHandler
                0x08002dd8                RTC_IRQHandler
                0x08002dd8                DMA1_Channel7_IRQHandler
                0x08002dd8                CAN1_RX1_IRQHandler
                0x08002dd8                TIM4_IRQHandler
                0x08002dd8                I2C1_EV_IRQHandler
                0x08002dd8                DMA1_Channel6_IRQHandler
                0x08002dd8                TIM3_IRQHandler
                0x08002dd8                RCC_IRQHandler
                0x08002dd8                TIM1_TRG_COM_IRQHandler
                0x08002dd8                DMA1_Channel1_IRQHandler
                0x08002dd8                Default_Handler
                0x08002dd8                EXTI15_10_IRQHandler
                0x08002dd8                EXTI9_5_IRQHandler
                0x08002dd8                SPI2_IRQHandler
                0x08002dd8                DMA1_Channel5_IRQHandler
                0x08002dd8                EXTI4_IRQHandler
                0x08002dd8                USB_HP_CAN1_TX_IRQHandler
                0x08002dd8                DMA1_Channel3_IRQHandler
                0x08002dd8                TIM1_UP_IRQHandler
                0x08002dd8                WWDG_IRQHandler
                0x08002dd8                TIM2_IRQHandler
                0x08002dd8                TIM1_BRK_IRQHandler
                0x08002dd8                EXTI1_IRQHandler
                0x08002dd8                USART2_IRQHandler
                0x08002dd8                I2C2_ER_IRQHandler
                0x08002dd8                DMA1_Channel2_IRQHandler
                0x08002dd8                CAN1_SCE_IRQHandler
                0x08002dd8                FLASH_IRQHandler
                0x08002dd8                USART1_IRQHandler
                0x08002dd8                I2C1_ER_IRQHandler
                0x08002dd8                USBWakeUp_IRQHandler
 *fill*         0x08002dda        0x2 
 .text.__libc_init_array
                0x08002ddc       0x48 c:/users/haru/.p2/pool/plugins/fr.ac6.mcu.externaltools.arm-none.win32_1.17.0.201812190825/tools/compiler/bin/../lib/gcc/arm-none-eabi/7.3.1/../../../../arm-none-eabi/lib/thumb/v7-m\libc_nano.a(lib_a-init.o)
                0x08002ddc                __libc_init_array
 *(.glue_7)
 .glue_7        0x08002e24        0x0 linker stubs
 *(.glue_7t)
 .glue_7t       0x08002e24        0x0 linker stubs
 *(.eh_frame)
 .eh_frame      0x08002e24        0x0 c:/users/haru/.p2/pool/plugins/fr.ac6.mcu.externaltools.arm-none.win32_1.17.0.201812190825/tools/compiler/bin/../lib/gcc/arm-none-eabi/7.3.1/thumb/v7-m/crtbegin.o
 *(.init)
 .init          0x08002e24        0x4 c:/users/haru/.p2/pool/plugins/fr.ac6.mcu.externaltools.arm-none.win32_1.17.0.201812190825/tools/compiler/bin/../lib/gcc/arm-none-eabi/7.3.1/thumb/v7-m/crti.o
                0x08002e24                _init
 .init          0x08002e28        0x8 c:/users/haru/.p2/pool/plugins/fr.ac6.mcu.externaltools.arm-none.win32_1.17.0.201812190825/tools/compiler/bin/../lib/gcc/arm-none-eabi/7.3.1/thumb/v7-m/crtn.o
 *(.fini)
 .fini          0x08002e30        0x4 c:/users/haru/.p2/pool/plugins/fr.ac6.mcu.externaltools.arm-none.win32_1.17.0.201812190825/tools/compiler/bin/../lib/gcc/arm-none-eabi/7.3.1/thumb/v7-m/crti.o
                0x08002e30                _fini
 .fini          0x08002e34        0x8 c:/users/haru/.p2/pool/plugins/fr.ac6.mcu.externaltools.arm-none.win32_1.17.0.201812190825/tools/compiler/bin/../lib/gcc/arm-none-eabi/7.3.1/thumb/v7-m/crtn.o
                0x08002e3c                . = ALIGN (0x4)
                0x08002e3c                _etext = .

.vfp11_veneer   0x08002e3c        0x0
 .vfp11_veneer  0x08002e3c        0x0 linker stubs

.v4_bx          0x08002e3c        0x0
 .v4_bx         0x08002e3c        0x0 linker stubs

.iplt           0x08002e3c        0x0
 .iplt          0x08002e3c        0x0 c:/users/haru/.p2/pool/plugins/fr.ac6.mcu.externaltools.arm-none.win32_1.17.0.201812190825/tools/compiler/bin/../lib/gcc/arm-none-eabi/7.3.1/thumb/v7-m/crtbegin.o

.rodata         0x08002e3c       0x8c
                0x08002e3c                . = ALIGN (0x4)
 *(.rodata)
 .rodata        0x08002e3c       0x12 Drivers/STM32F1xx_HAL_Driver/Src/stm32f1xx_hal_rcc.o
 *fill*         0x08002e4e        0x2 
 .rodata        0x08002e50       0x18 Src/system_stm32f1xx.o
                0x08002e50                AHBPrescTable
                0x08002e60                APBPrescTable
 *(.rodata*)
 .rodata.str1.4
                0x08002e68       0x60 Src/usbd_desc.o
                                 0x5d (size before relaxing)
                0x08002ec8                . = ALIGN (0x4)

.rel.dyn        0x08002ec8        0x0
 .rel.iplt      0x08002ec8        0x0 c:/users/haru/.p2/pool/plugins/fr.ac6.mcu.externaltools.arm-none.win32_1.17.0.201812190825/tools/compiler/bin/../lib/gcc/arm-none-eabi/7.3.1/thumb/v7-m/crtbegin.o

.ARM.extab
 *(.ARM.extab* .gnu.linkonce.armextab.*)

.ARM            0x08002ec8        0x0
                0x08002ec8                __exidx_start = .
 *(.ARM.exidx*)
                0x08002ec8                __exidx_end = .

.preinit_array  0x08002ec8        0x0
                0x08002ec8                PROVIDE (__preinit_array_start = .)
 *(.preinit_array*)
                0x08002ec8                PROVIDE (__preinit_array_end = .)

.init_array     0x08002ec8        0x4
                0x08002ec8                PROVIDE (__init_array_start = .)
 *(SORT_BY_NAME(.init_array.*))
 *(.init_array*)
 .init_array    0x08002ec8        0x4 c:/users/haru/.p2/pool/plugins/fr.ac6.mcu.externaltools.arm-none.win32_1.17.0.201812190825/tools/compiler/bin/../lib/gcc/arm-none-eabi/7.3.1/thumb/v7-m/crtbegin.o
                0x08002ecc                PROVIDE (__init_array_end = .)

.fini_array     0x08002ecc        0x4
                [!provide]                PROVIDE (__fini_array_start = .)
 *(SORT_BY_NAME(.fini_array.*))
 *(.fini_array*)
 .fini_array    0x08002ecc        0x4 c:/users/haru/.p2/pool/plugins/fr.ac6.mcu.externaltools.arm-none.win32_1.17.0.201812190825/tools/compiler/bin/../lib/gcc/arm-none-eabi/7.3.1/thumb/v7-m/crtbegin.o
                [!provide]                PROVIDE (__fini_array_end = .)
                0x08002ed0                _sidata = LOADADDR (.data)

.data           0x20000000      0x160 load address 0x08002ed0
                0x20000000                . = ALIGN (0x4)
                0x20000000                _sdata = .
 *(.data)
 .data          0x20000000        0x8 Drivers/STM32F1xx_HAL_Driver/Src/stm32f1xx_hal.o
                0x20000000                uwTickFreq
                0x20000004                uwTickPrio
 .data          0x20000008       0xd4 Middlewares/ST/STM32_USB_Device_Library/Class/CustomHID/Src/usbd_customhid.o
                0x200000a4                USBD_CUSTOM_HID
 .data          0x200000dc        0x4 Src/system_stm32f1xx.o
                0x200000dc                SystemCoreClock
 .data          0x200000e0       0x2d Src/usbd_custom_hid_if.o
                0x200000e0                USBD_CustomHID_fops_FS
 *fill*         0x2000010d        0x3 
 .data          0x20000110       0x50 Src/usbd_desc.o
                0x20000110                USBD_FS_DeviceDesc
                0x20000124                USBD_LangIDDesc
                0x20000128                USBD_StringSerial
                0x20000144                FS_Desc
 *(.data*)
                0x20000160                . = ALIGN (0x4)
                0x20000160                _edata = .

.igot.plt       0x20000160        0x0 load address 0x08003030
 .igot.plt      0x20000160        0x0 c:/users/haru/.p2/pool/plugins/fr.ac6.mcu.externaltools.arm-none.win32_1.17.0.201812190825/tools/compiler/bin/../lib/gcc/arm-none-eabi/7.3.1/thumb/v7-m/crtbegin.o
                0x20000160                . = ALIGN (0x4)

.bss            0x20000160      0x770 load address 0x08003030
                0x20000160                _sbss = .
                0x20000160                __bss_start__ = _sbss
 *(.bss)
 .bss           0x20000160       0x1c c:/users/haru/.p2/pool/plugins/fr.ac6.mcu.externaltools.arm-none.win32_1.17.0.201812190825/tools/compiler/bin/../lib/gcc/arm-none-eabi/7.3.1/thumb/v7-m/crtbegin.o
 .bss           0x2000017c        0x1 Middlewares/ST/STM32_USB_Device_Library/Core/Src/usbd_ctlreq.o
 *fill*         0x2000017d        0x3 
 .bss           0x20000180       0x1c Src/usbd_conf.o
 *(.bss*)
 *(COMMON)
 COMMON         0x2000019c        0x4 Drivers/STM32F1xx_HAL_Driver/Src/stm32f1xx_hal.o
                0x2000019c                uwTick
 COMMON         0x200001a0      0x2c4 Src/usb_device.o
                0x200001a0                hUsbDeviceFS
 COMMON         0x20000464      0x26c Src/usbd_conf.o
                0x20000464                hpcd_USB_FS
 COMMON         0x200006d0      0x200 Src/usbd_desc.o
                0x200006d0                USBD_StrDesc
                0x200008d0                . = ALIGN (0x4)
                0x200008d0                _ebss = .
                0x200008d0                __bss_end__ = _ebss

._user_heap_stack
                0x200008d0      0x600 load address 0x08003030
                0x200008d0                . = ALIGN (0x8)
                0x200008d0                PROVIDE (end = .)
                [!provide]                PROVIDE (_end = .)
                0x20000ad0                . = (. + _Min_Heap_Size)
 *fill*         0x200008d0      0x200 
                0x20000ed0                . = (. + _Min_Stack_Size)
 *fill*         0x20000ad0      0x400 
                0x20000ed0                . = ALIGN (0x8)

/DISCARD/
 libc.a(*)
 libm.a(*)
 libgcc.a(*)

.ARM.attributes
                0x00000000       0x29
 *(.ARM.attributes)
 .ARM.attributes
                0x00000000       0x1d c:/users/haru/.p2/pool/plugins/fr.ac6.mcu.externaltools.arm-none.win32_1.17.0.201812190825/tools/compiler/bin/../lib/gcc/arm-none-eabi/7.3.1/thumb/v7-m/crti.o
 .ARM.attributes
                0x0000001d       0x2d c:/users/haru/.p2/pool/plugins/fr.ac6.mcu.externaltools.arm-none.win32_1.17.0.201812190825/tools/compiler/bin/../lib/gcc/arm-none-eabi/7.3.1/thumb/v7-m/crtbegin.o
 .ARM.attributes
                0x0000004a       0x33 Drivers/STM32F1xx_HAL_Driver/Src/stm32f1xx_hal.o
 .ARM.attributes
                0x0000007d       0x33 Drivers/STM32F1xx_HAL_Driver/Src/stm32f1xx_hal_cortex.o
 .ARM.attributes
                0x000000b0       0x33 Drivers/STM32F1xx_HAL_Driver/Src/stm32f1xx_hal_pcd.o
 .ARM.attributes
                0x000000e3       0x33 Drivers/STM32F1xx_HAL_Driver/Src/stm32f1xx_hal_pcd_ex.o
 .ARM.attributes
                0x00000116       0x33 Drivers/STM32F1xx_HAL_Driver/Src/stm32f1xx_hal_rcc.o
 .ARM.attributes
                0x00000149       0x33 Drivers/STM32F1xx_HAL_Driver/Src/stm32f1xx_hal_rcc_ex.o
 .ARM.attributes
                0x0000017c       0x33 Drivers/STM32F1xx_HAL_Driver/Src/stm32f1xx_ll_usb.o
 .ARM.attributes
                0x000001af       0x33 Middlewares/ST/STM32_USB_Device_Library/Class/CustomHID/Src/usbd_customhid.o
 .ARM.attributes
                0x000001e2       0x33 Middlewares/ST/STM32_USB_Device_Library/Core/Src/usbd_core.o
 .ARM.attributes
                0x00000215       0x33 Middlewares/ST/STM32_USB_Device_Library/Core/Src/usbd_ctlreq.o
 .ARM.attributes
                0x00000248       0x33 Middlewares/ST/STM32_USB_Device_Library/Core/Src/usbd_ioreq.o
 .ARM.attributes
                0x0000027b       0x33 Src/main.o
 .ARM.attributes
                0x000002ae       0x33 Src/stm32f1xx_hal_msp.o
 .ARM.attributes
                0x000002e1       0x33 Src/stm32f1xx_it.o
 .ARM.attributes
                0x00000314       0x33 Src/system_stm32f1xx.o
 .ARM.attributes
                0x00000347       0x33 Src/usb_device.o
 .ARM.attributes
                0x0000037a       0x33 Src/usbd_conf.o
 .ARM.attributes
                0x000003ad       0x33 Src/usbd_custom_hid_if.o
 .ARM.attributes
                0x000003e0       0x33 Src/usbd_desc.o
 .ARM.attributes
                0x00000413       0x21 startup/startup_stm32f103xb.o
 .ARM.attributes
                0x00000434       0x2d c:/users/haru/.p2/pool/plugins/fr.ac6.mcu.externaltools.arm-none.win32_1.17.0.201812190825/tools/compiler/bin/../lib/gcc/arm-none-eabi/7.3.1/../../../../arm-none-eabi/lib/thumb/v7-m\libc_nano.a(lib_a-init.o)
 .ARM.attributes
                0x00000461       0x1d c:/users/haru/.p2/pool/plugins/fr.ac6.mcu.externaltools.arm-none.win32_1.17.0.201812190825/tools/compiler/bin/../lib/gcc/arm-none-eabi/7.3.1/thumb/v7-m/crtn.o
OUTPUT(procom_controller.elf elf32-littlearm)

.debug_info     0x00000000    0x10e20
 .debug_info    0x00000000      0x7a9 Drivers/STM32F1xx_HAL_Driver/Src/stm32f1xx_hal.o
 .debug_info    0x000007a9      0xcaa Drivers/STM32F1xx_HAL_Driver/Src/stm32f1xx_hal_cortex.o
 .debug_info    0x00001453     0x12e7 Drivers/STM32F1xx_HAL_Driver/Src/stm32f1xx_hal_pcd.o
 .debug_info    0x0000273a      0x75f Drivers/STM32F1xx_HAL_Driver/Src/stm32f1xx_hal_pcd_ex.o
 .debug_info    0x00002e99      0x9e4 Drivers/STM32F1xx_HAL_Driver/Src/stm32f1xx_hal_rcc.o
 .debug_info    0x0000387d      0x48c Drivers/STM32F1xx_HAL_Driver/Src/stm32f1xx_hal_rcc_ex.o
 .debug_info    0x00003d09     0x15c5 Drivers/STM32F1xx_HAL_Driver/Src/stm32f1xx_ll_usb.o
 .debug_info    0x000052ce     0x1499 Middlewares/ST/STM32_USB_Device_Library/Class/CustomHID/Src/usbd_customhid.o
 .debug_info    0x00006767     0x155d Middlewares/ST/STM32_USB_Device_Library/Core/Src/usbd_core.o
 .debug_info    0x00007cc4     0x1882 Middlewares/ST/STM32_USB_Device_Library/Core/Src/usbd_ctlreq.o
 .debug_info    0x00009546     0x102d Middlewares/ST/STM32_USB_Device_Library/Core/Src/usbd_ioreq.o
 .debug_info    0x0000a573      0xcee Src/main.o
 .debug_info    0x0000b261      0x2ca Src/stm32f1xx_hal_msp.o
 .debug_info    0x0000b52b      0x6b5 Src/stm32f1xx_it.o
 .debug_info    0x0000bbe0      0x436 Src/system_stm32f1xx.o
 .debug_info    0x0000c016      0xf17 Src/usb_device.o
 .debug_info    0x0000cf2d     0x21b7 Src/usbd_conf.o
 .debug_info    0x0000f0e4      0xec3 Src/usbd_custom_hid_if.o
 .debug_info    0x0000ffa7      0xe57 Src/usbd_desc.o
 .debug_info    0x00010dfe       0x22 startup/startup_stm32f103xb.o

.debug_abbrev   0x00000000     0x2afe
 .debug_abbrev  0x00000000      0x1fe Drivers/STM32F1xx_HAL_Driver/Src/stm32f1xx_hal.o
 .debug_abbrev  0x000001fe      0x303 Drivers/STM32F1xx_HAL_Driver/Src/stm32f1xx_hal_cortex.o
 .debug_abbrev  0x00000501      0x289 Drivers/STM32F1xx_HAL_Driver/Src/stm32f1xx_hal_pcd.o
 .debug_abbrev  0x0000078a      0x197 Drivers/STM32F1xx_HAL_Driver/Src/stm32f1xx_hal_pcd_ex.o
 .debug_abbrev  0x00000921      0x257 Drivers/STM32F1xx_HAL_Driver/Src/stm32f1xx_hal_rcc.o
 .debug_abbrev  0x00000b78      0x1c9 Drivers/STM32F1xx_HAL_Driver/Src/stm32f1xx_hal_rcc_ex.o
 .debug_abbrev  0x00000d41      0x23c Drivers/STM32F1xx_HAL_Driver/Src/stm32f1xx_ll_usb.o
 .debug_abbrev  0x00000f7d      0x2d7 Middlewares/ST/STM32_USB_Device_Library/Class/CustomHID/Src/usbd_customhid.o
 .debug_abbrev  0x00001254      0x2ac Middlewares/ST/STM32_USB_Device_Library/Core/Src/usbd_core.o
 .debug_abbrev  0x00001500      0x329 Middlewares/ST/STM32_USB_Device_Library/Core/Src/usbd_ctlreq.o
 .debug_abbrev  0x00001829      0x215 Middlewares/ST/STM32_USB_Device_Library/Core/Src/usbd_ioreq.o
 .debug_abbrev  0x00001a3e      0x29c Src/main.o
 .debug_abbrev  0x00001cda      0x109 Src/stm32f1xx_hal_msp.o
 .debug_abbrev  0x00001de3      0x173 Src/stm32f1xx_it.o
 .debug_abbrev  0x00001f56      0x134 Src/system_stm32f1xx.o
 .debug_abbrev  0x0000208a      0x21c Src/usb_device.o
 .debug_abbrev  0x000022a6      0x336 Src/usbd_conf.o
 .debug_abbrev  0x000025dc      0x22b Src/usbd_custom_hid_if.o
 .debug_abbrev  0x00002807      0x2e5 Src/usbd_desc.o
 .debug_abbrev  0x00002aec       0x12 startup/startup_stm32f103xb.o

.debug_loc      0x00000000     0x597f
 .debug_loc     0x00000000      0x104 Drivers/STM32F1xx_HAL_Driver/Src/stm32f1xx_hal.o
 .debug_loc     0x00000104      0x5ad Drivers/STM32F1xx_HAL_Driver/Src/stm32f1xx_hal_cortex.o
 .debug_loc     0x000006b1      0xaeb Drivers/STM32F1xx_HAL_Driver/Src/stm32f1xx_hal_pcd.o
 .debug_loc     0x0000119c       0xdc Drivers/STM32F1xx_HAL_Driver/Src/stm32f1xx_hal_pcd_ex.o
 .debug_loc     0x00001278      0x4bb Drivers/STM32F1xx_HAL_Driver/Src/stm32f1xx_hal_rcc.o
 .debug_loc     0x00001733      0x2d0 Drivers/STM32F1xx_HAL_Driver/Src/stm32f1xx_hal_rcc_ex.o
 .debug_loc     0x00001a03     0x10b2 Drivers/STM32F1xx_HAL_Driver/Src/stm32f1xx_ll_usb.o
 .debug_loc     0x00002ab5      0x755 Middlewares/ST/STM32_USB_Device_Library/Class/CustomHID/Src/usbd_customhid.o
 .debug_loc     0x0000320a      0x6ed Middlewares/ST/STM32_USB_Device_Library/Core/Src/usbd_core.o
 .debug_loc     0x000038f7     0x105b Middlewares/ST/STM32_USB_Device_Library/Core/Src/usbd_ctlreq.o
 .debug_loc     0x00004952      0x23c Middlewares/ST/STM32_USB_Device_Library/Core/Src/usbd_ioreq.o
 .debug_loc     0x00004b8e       0xdf Src/system_stm32f1xx.o
 .debug_loc     0x00004c6d      0x9e3 Src/usbd_conf.o
 .debug_loc     0x00005650       0x21 Src/usbd_custom_hid_if.o
 .debug_loc     0x00005671      0x30e Src/usbd_desc.o

.debug_aranges  0x00000000      0x970
 .debug_aranges
                0x00000000       0xe0 Drivers/STM32F1xx_HAL_Driver/Src/stm32f1xx_hal.o
 .debug_aranges
                0x000000e0       0x90 Drivers/STM32F1xx_HAL_Driver/Src/stm32f1xx_hal_cortex.o
 .debug_aranges
                0x00000170      0x120 Drivers/STM32F1xx_HAL_Driver/Src/stm32f1xx_hal_pcd.o
 .debug_aranges
                0x00000290       0x38 Drivers/STM32F1xx_HAL_Driver/Src/stm32f1xx_hal_pcd_ex.o
 .debug_aranges
                0x000002c8       0x90 Drivers/STM32F1xx_HAL_Driver/Src/stm32f1xx_hal_rcc.o
 .debug_aranges
                0x00000358       0x30 Drivers/STM32F1xx_HAL_Driver/Src/stm32f1xx_hal_rcc_ex.o
 .debug_aranges
                0x00000388      0x108 Drivers/STM32F1xx_HAL_Driver/Src/stm32f1xx_ll_usb.o
 .debug_aranges
                0x00000490       0x78 Middlewares/ST/STM32_USB_Device_Library/Class/CustomHID/Src/usbd_customhid.o
 .debug_aranges
                0x00000508       0xb8 Middlewares/ST/STM32_USB_Device_Library/Core/Src/usbd_core.o
 .debug_aranges
                0x000005c0       0x88 Middlewares/ST/STM32_USB_Device_Library/Core/Src/usbd_ctlreq.o
 .debug_aranges
                0x00000648       0x50 Middlewares/ST/STM32_USB_Device_Library/Core/Src/usbd_ioreq.o
 .debug_aranges
                0x00000698       0x38 Src/main.o
 .debug_aranges
                0x000006d0       0x20 Src/stm32f1xx_hal_msp.o
 .debug_aranges
                0x000006f0       0x68 Src/stm32f1xx_it.o
 .debug_aranges
                0x00000758       0x28 Src/system_stm32f1xx.o
 .debug_aranges
                0x00000780       0x20 Src/usb_device.o
 .debug_aranges
                0x000007a0      0x118 Src/usbd_conf.o
 .debug_aranges
                0x000008b8       0x30 Src/usbd_custom_hid_if.o
 .debug_aranges
                0x000008e8       0x60 Src/usbd_desc.o
 .debug_aranges
                0x00000948       0x28 startup/startup_stm32f103xb.o

.debug_ranges   0x00000000      0xa20
 .debug_ranges  0x00000000       0xd0 Drivers/STM32F1xx_HAL_Driver/Src/stm32f1xx_hal.o
 .debug_ranges  0x000000d0       0xe0 Drivers/STM32F1xx_HAL_Driver/Src/stm32f1xx_hal_cortex.o
 .debug_ranges  0x000001b0      0x140 Drivers/STM32F1xx_HAL_Driver/Src/stm32f1xx_hal_pcd.o
 .debug_ranges  0x000002f0       0x28 Drivers/STM32F1xx_HAL_Driver/Src/stm32f1xx_hal_pcd_ex.o
 .debug_ranges  0x00000318       0xa0 Drivers/STM32F1xx_HAL_Driver/Src/stm32f1xx_hal_rcc.o
 .debug_ranges  0x000003b8       0x38 Drivers/STM32F1xx_HAL_Driver/Src/stm32f1xx_hal_rcc_ex.o
 .debug_ranges  0x000003f0      0x218 Drivers/STM32F1xx_HAL_Driver/Src/stm32f1xx_ll_usb.o
 .debug_ranges  0x00000608       0x68 Middlewares/ST/STM32_USB_Device_Library/Class/CustomHID/Src/usbd_customhid.o
 .debug_ranges  0x00000670       0xa8 Middlewares/ST/STM32_USB_Device_Library/Core/Src/usbd_core.o
 .debug_ranges  0x00000718       0x78 Middlewares/ST/STM32_USB_Device_Library/Core/Src/usbd_ctlreq.o
 .debug_ranges  0x00000790       0x40 Middlewares/ST/STM32_USB_Device_Library/Core/Src/usbd_ioreq.o
 .debug_ranges  0x000007d0       0x28 Src/main.o
 .debug_ranges  0x000007f8       0x10 Src/stm32f1xx_hal_msp.o
 .debug_ranges  0x00000808       0x58 Src/stm32f1xx_it.o
 .debug_ranges  0x00000860       0x18 Src/system_stm32f1xx.o
 .debug_ranges  0x00000878       0x10 Src/usb_device.o
 .debug_ranges  0x00000888      0x108 Src/usbd_conf.o
 .debug_ranges  0x00000990       0x20 Src/usbd_custom_hid_if.o
 .debug_ranges  0x000009b0       0x50 Src/usbd_desc.o
 .debug_ranges  0x00000a00       0x20 startup/startup_stm32f103xb.o

.debug_macro    0x00000000    0x161e9
 .debug_macro   0x00000000      0x1c3 Drivers/STM32F1xx_HAL_Driver/Src/stm32f1xx_hal.o
 .debug_macro   0x000001c3      0xa60 Drivers/STM32F1xx_HAL_Driver/Src/stm32f1xx_hal.o
 .debug_macro   0x00000c23      0x215 Drivers/STM32F1xx_HAL_Driver/Src/stm32f1xx_hal.o
 .debug_macro   0x00000e38       0x2e Drivers/STM32F1xx_HAL_Driver/Src/stm32f1xx_hal.o
 .debug_macro   0x00000e66       0x22 Drivers/STM32F1xx_HAL_Driver/Src/stm32f1xx_hal.o
 .debug_macro   0x00000e88       0x22 Drivers/STM32F1xx_HAL_Driver/Src/stm32f1xx_hal.o
 .debug_macro   0x00000eaa       0x8e Drivers/STM32F1xx_HAL_Driver/Src/stm32f1xx_hal.o
 .debug_macro   0x00000f38       0x51 Drivers/STM32F1xx_HAL_Driver/Src/stm32f1xx_hal.o
 .debug_macro   0x00000f89       0xef Drivers/STM32F1xx_HAL_Driver/Src/stm32f1xx_hal.o
 .debug_macro   0x00001078       0x6a Drivers/STM32F1xx_HAL_Driver/Src/stm32f1xx_hal.o
 .debug_macro   0x000010e2      0x1df Drivers/STM32F1xx_HAL_Driver/Src/stm32f1xx_hal.o
 .debug_macro   0x000012c1       0x1c Drivers/STM32F1xx_HAL_Driver/Src/stm32f1xx_hal.o
 .debug_macro   0x000012dd       0x22 Drivers/STM32F1xx_HAL_Driver/Src/stm32f1xx_hal.o
 .debug_macro   0x000012ff       0xc3 Drivers/STM32F1xx_HAL_Driver/Src/stm32f1xx_hal.o
 .debug_macro   0x000013c2      0xd23 Drivers/STM32F1xx_HAL_Driver/Src/stm32f1xx_hal.o
 .debug_macro   0x000020e5     0xe09e Drivers/STM32F1xx_HAL_Driver/Src/stm32f1xx_hal.o
 .debug_macro   0x00010183       0x43 Drivers/STM32F1xx_HAL_Driver/Src/stm32f1xx_hal.o
 .debug_macro   0x000101c6      0x174 Drivers/STM32F1xx_HAL_Driver/Src/stm32f1xx_hal.o
 .debug_macro   0x0001033a       0x4e Drivers/STM32F1xx_HAL_Driver/Src/stm32f1xx_hal.o
 .debug_macro   0x00010388      0x5be Drivers/STM32F1xx_HAL_Driver/Src/stm32f1xx_hal.o
 .debug_macro   0x00010946      0x289 Drivers/STM32F1xx_HAL_Driver/Src/stm32f1xx_hal.o
 .debug_macro   0x00010bcf      0x1cb Drivers/STM32F1xx_HAL_Driver/Src/stm32f1xx_hal.o
 .debug_macro   0x00010d9a      0x114 Drivers/STM32F1xx_HAL_Driver/Src/stm32f1xx_hal.o
 .debug_macro   0x00010eae      0x1b2 Drivers/STM32F1xx_HAL_Driver/Src/stm32f1xx_hal.o
 .debug_macro   0x00011060       0x27 Drivers/STM32F1xx_HAL_Driver/Src/stm32f1xx_hal.o
 .debug_macro   0x00011087      0x136 Drivers/STM32F1xx_HAL_Driver/Src/stm32f1xx_hal.o
 .debug_macro   0x000111bd      0x1bc Drivers/STM32F1xx_HAL_Driver/Src/stm32f1xx_hal.o
 .debug_macro   0x00011379       0x34 Drivers/STM32F1xx_HAL_Driver/Src/stm32f1xx_hal.o
 .debug_macro   0x000113ad       0x3c Drivers/STM32F1xx_HAL_Driver/Src/stm32f1xx_hal.o
 .debug_macro   0x000113e9       0x57 Drivers/STM32F1xx_HAL_Driver/Src/stm32f1xx_hal.o
 .debug_macro   0x00011440       0x88 Drivers/STM32F1xx_HAL_Driver/Src/stm32f1xx_hal.o
 .debug_macro   0x000114c8      0x241 Drivers/STM32F1xx_HAL_Driver/Src/stm32f1xx_hal.o
 .debug_macro   0x00011709      0x141 Drivers/STM32F1xx_HAL_Driver/Src/stm32f1xx_hal.o
 .debug_macro   0x0001184a       0x65 Drivers/STM32F1xx_HAL_Driver/Src/stm32f1xx_hal.o
 .debug_macro   0x000118af      0x249 Drivers/STM32F1xx_HAL_Driver/Src/stm32f1xx_hal.o
 .debug_macro   0x00011af8       0x83 Drivers/STM32F1xx_HAL_Driver/Src/stm32f1xx_hal.o
 .debug_macro   0x00011b7b      0x19f Drivers/STM32F1xx_HAL_Driver/Src/stm32f1xx_hal_cortex.o
 .debug_macro   0x00011d1a      0x1ab Drivers/STM32F1xx_HAL_Driver/Src/stm32f1xx_hal_pcd.o
 .debug_macro   0x00011ec5      0x19f Drivers/STM32F1xx_HAL_Driver/Src/stm32f1xx_hal_pcd_ex.o
 .debug_macro   0x00012064      0x1b1 Drivers/STM32F1xx_HAL_Driver/Src/stm32f1xx_hal_rcc.o
 .debug_macro   0x00012215      0x19f Drivers/STM32F1xx_HAL_Driver/Src/stm32f1xx_hal_rcc_ex.o
 .debug_macro   0x000123b4      0x19f Drivers/STM32F1xx_HAL_Driver/Src/stm32f1xx_ll_usb.o
 .debug_macro   0x00012553      0x3b1 Middlewares/ST/STM32_USB_Device_Library/Class/CustomHID/Src/usbd_customhid.o
 .debug_macro   0x00012904       0x58 Middlewares/ST/STM32_USB_Device_Library/Class/CustomHID/Src/usbd_customhid.o
 .debug_macro   0x0001295c       0x18 Middlewares/ST/STM32_USB_Device_Library/Class/CustomHID/Src/usbd_customhid.o
 .debug_macro   0x00012974       0x94 Middlewares/ST/STM32_USB_Device_Library/Class/CustomHID/Src/usbd_customhid.o
 .debug_macro   0x00012a08       0x35 Middlewares/ST/STM32_USB_Device_Library/Class/CustomHID/Src/usbd_customhid.o
 .debug_macro   0x00012a3d       0x34 Middlewares/ST/STM32_USB_Device_Library/Class/CustomHID/Src/usbd_customhid.o
 .debug_macro   0x00012a71       0x16 Middlewares/ST/STM32_USB_Device_Library/Class/CustomHID/Src/usbd_customhid.o
 .debug_macro   0x00012a87       0x57 Middlewares/ST/STM32_USB_Device_Library/Class/CustomHID/Src/usbd_customhid.o
 .debug_macro   0x00012ade       0x97 Middlewares/ST/STM32_USB_Device_Library/Class/CustomHID/Src/usbd_customhid.o
 .debug_macro   0x00012b75      0x330 Middlewares/ST/STM32_USB_Device_Library/Class/CustomHID/Src/usbd_customhid.o
 .debug_macro   0x00012ea5       0xfd Middlewares/ST/STM32_USB_Device_Library/Class/CustomHID/Src/usbd_customhid.o
 .debug_macro   0x00012fa2       0x10 Middlewares/ST/STM32_USB_Device_Library/Class/CustomHID/Src/usbd_customhid.o
 .debug_macro   0x00012fb2       0x58 Middlewares/ST/STM32_USB_Device_Library/Class/CustomHID/Src/usbd_customhid.o
 .debug_macro   0x0001300a       0x1f Middlewares/ST/STM32_USB_Device_Library/Class/CustomHID/Src/usbd_customhid.o
 .debug_macro   0x00013029       0x43 Middlewares/ST/STM32_USB_Device_Library/Class/CustomHID/Src/usbd_customhid.o
 .debug_macro   0x0001306c       0x20 Middlewares/ST/STM32_USB_Device_Library/Class/CustomHID/Src/usbd_customhid.o
 .debug_macro   0x0001308c      0x18e Middlewares/ST/STM32_USB_Device_Library/Class/CustomHID/Src/usbd_customhid.o
 .debug_macro   0x0001321a       0x10 Middlewares/ST/STM32_USB_Device_Library/Class/CustomHID/Src/usbd_customhid.o
 .debug_macro   0x0001322a       0x1c Middlewares/ST/STM32_USB_Device_Library/Class/CustomHID/Src/usbd_customhid.o
 .debug_macro   0x00013246       0x52 Middlewares/ST/STM32_USB_Device_Library/Class/CustomHID/Src/usbd_customhid.o
 .debug_macro   0x00013298       0x40 Middlewares/ST/STM32_USB_Device_Library/Class/CustomHID/Src/usbd_customhid.o
 .debug_macro   0x000132d8       0x10 Middlewares/ST/STM32_USB_Device_Library/Class/CustomHID/Src/usbd_customhid.o
 .debug_macro   0x000132e8       0x40 Middlewares/ST/STM32_USB_Device_Library/Class/CustomHID/Src/usbd_customhid.o
 .debug_macro   0x00013328       0xd7 Middlewares/ST/STM32_USB_Device_Library/Class/CustomHID/Src/usbd_customhid.o
 .debug_macro   0x000133ff       0x1c Middlewares/ST/STM32_USB_Device_Library/Class/CustomHID/Src/usbd_customhid.o
 .debug_macro   0x0001341b       0x3d Middlewares/ST/STM32_USB_Device_Library/Class/CustomHID/Src/usbd_customhid.o
 .debug_macro   0x00013458       0x16 Middlewares/ST/STM32_USB_Device_Library/Class/CustomHID/Src/usbd_customhid.o
 .debug_macro   0x0001346e      0x16f Middlewares/ST/STM32_USB_Device_Library/Class/CustomHID/Src/usbd_customhid.o
 .debug_macro   0x000135dd       0x16 Middlewares/ST/STM32_USB_Device_Library/Class/CustomHID/Src/usbd_customhid.o
 .debug_macro   0x000135f3       0x35 Middlewares/ST/STM32_USB_Device_Library/Class/CustomHID/Src/usbd_customhid.o
 .debug_macro   0x00013628       0x16 Middlewares/ST/STM32_USB_Device_Library/Class/CustomHID/Src/usbd_customhid.o
 .debug_macro   0x0001363e       0x29 Middlewares/ST/STM32_USB_Device_Library/Class/CustomHID/Src/usbd_customhid.o
 .debug_macro   0x00013667       0x16 Middlewares/ST/STM32_USB_Device_Library/Class/CustomHID/Src/usbd_customhid.o
 .debug_macro   0x0001367d       0xbd Middlewares/ST/STM32_USB_Device_Library/Class/CustomHID/Src/usbd_customhid.o
 .debug_macro   0x0001373a       0x66 Middlewares/ST/STM32_USB_Device_Library/Class/CustomHID/Src/usbd_customhid.o
 .debug_macro   0x000137a0      0x1c8 Middlewares/ST/STM32_USB_Device_Library/Class/CustomHID/Src/usbd_customhid.o
 .debug_macro   0x00013968       0x6b Middlewares/ST/STM32_USB_Device_Library/Class/CustomHID/Src/usbd_customhid.o
 .debug_macro   0x000139d3      0x398 Middlewares/ST/STM32_USB_Device_Library/Core/Src/usbd_core.o
 .debug_macro   0x00013d6b      0x1ce Middlewares/ST/STM32_USB_Device_Library/Core/Src/usbd_core.o
 .debug_macro   0x00013f39      0x3a2 Middlewares/ST/STM32_USB_Device_Library/Core/Src/usbd_ctlreq.o
 .debug_macro   0x000142db      0x39e Middlewares/ST/STM32_USB_Device_Library/Core/Src/usbd_ioreq.o
 .debug_macro   0x00014679      0x38a Src/main.o
 .debug_macro   0x00014a03       0x5e Src/main.o
 .debug_macro   0x00014a61      0x32a Src/main.o
 .debug_macro   0x00014d8b      0x1a9 Src/stm32f1xx_hal_msp.o
 .debug_macro   0x00014f34      0x1b3 Src/stm32f1xx_it.o
 .debug_macro   0x000150e7      0x1a5 Src/system_stm32f1xx.o
 .debug_macro   0x0001528c      0x3d8 Src/usb_device.o
 .debug_macro   0x00015664       0x22 Src/usb_device.o
 .debug_macro   0x00015686      0x3bb Src/usbd_conf.o
 .debug_macro   0x00015a41      0x3b7 Src/usbd_custom_hid_if.o
 .debug_macro   0x00015df8      0x3d5 Src/usbd_desc.o
 .debug_macro   0x000161cd       0x1c Src/usbd_desc.o

.debug_line     0x00000000     0xa82e
 .debug_line    0x00000000      0x804 Drivers/STM32F1xx_HAL_Driver/Src/stm32f1xx_hal.o
 .debug_line    0x00000804      0x812 Drivers/STM32F1xx_HAL_Driver/Src/stm32f1xx_hal_cortex.o
 .debug_line    0x00001016      0xb13 Drivers/STM32F1xx_HAL_Driver/Src/stm32f1xx_hal_pcd.o
 .debug_line    0x00001b29      0x67e Drivers/STM32F1xx_HAL_Driver/Src/stm32f1xx_hal_pcd_ex.o
 .debug_line    0x000021a7      0x90d Drivers/STM32F1xx_HAL_Driver/Src/stm32f1xx_hal_rcc.o
 .debug_line    0x00002ab4      0x6f0 Drivers/STM32F1xx_HAL_Driver/Src/stm32f1xx_hal_rcc_ex.o
 .debug_line    0x000031a4      0xada Drivers/STM32F1xx_HAL_Driver/Src/stm32f1xx_ll_usb.o
 .debug_line    0x00003c7e      0xa5b Middlewares/ST/STM32_USB_Device_Library/Class/CustomHID/Src/usbd_customhid.o
 .debug_line    0x000046d9      0xa9a Middlewares/ST/STM32_USB_Device_Library/Core/Src/usbd_core.o
 .debug_line    0x00005173      0xb60 Middlewares/ST/STM32_USB_Device_Library/Core/Src/usbd_ctlreq.o
 .debug_line    0x00005cd3      0x8e3 Middlewares/ST/STM32_USB_Device_Library/Core/Src/usbd_ioreq.o
 .debug_line    0x000065b6      0x868 Src/main.o
 .debug_line    0x00006e1e      0x62b Src/stm32f1xx_hal_msp.o
 .debug_line    0x00007449      0x6cc Src/stm32f1xx_it.o
 .debug_line    0x00007b15      0x65d Src/system_stm32f1xx.o
 .debug_line    0x00008172      0x905 Src/usb_device.o
 .debug_line    0x00008a77      0xb29 Src/usbd_conf.o
 .debug_line    0x000095a0      0x905 Src/usbd_custom_hid_if.o
 .debug_line    0x00009ea5      0x90c Src/usbd_desc.o
 .debug_line    0x0000a7b1       0x7d startup/startup_stm32f103xb.o

.debug_str      0x00000000    0x6c88a
 .debug_str     0x00000000    0x65a2c Drivers/STM32F1xx_HAL_Driver/Src/stm32f1xx_hal.o
                              0x65d70 (size before relaxing)
 .debug_str     0x00065a2c      0x2e1 Drivers/STM32F1xx_HAL_Driver/Src/stm32f1xx_hal_cortex.o
                              0x65d39 (size before relaxing)
 .debug_str     0x00065d0d      0x822 Drivers/STM32F1xx_HAL_Driver/Src/stm32f1xx_hal_pcd.o
                              0x65edf (size before relaxing)
 .debug_str     0x0006652f      0x170 Drivers/STM32F1xx_HAL_Driver/Src/stm32f1xx_hal_pcd_ex.o
                              0x65b27 (size before relaxing)
 .debug_str     0x0006669f      0x3b5 Drivers/STM32F1xx_HAL_Driver/Src/stm32f1xx_hal_rcc.o
                              0x65ac4 (size before relaxing)
 .debug_str     0x00066a54      0x12b Drivers/STM32F1xx_HAL_Driver/Src/stm32f1xx_hal_rcc_ex.o
                              0x6584b (size before relaxing)
 .debug_str     0x00066b7f      0x1a2 Drivers/STM32F1xx_HAL_Driver/Src/stm32f1xx_ll_usb.o
                              0x65b91 (size before relaxing)
 .debug_str     0x00066d21     0x5137 Middlewares/ST/STM32_USB_Device_Library/Class/CustomHID/Src/usbd_customhid.o
                              0x6a897 (size before relaxing)
 .debug_str     0x0006be58      0x294 Middlewares/ST/STM32_USB_Device_Library/Core/Src/usbd_core.o
                              0x6a55e (size before relaxing)
 .debug_str     0x0006c0ec      0x11b Middlewares/ST/STM32_USB_Device_Library/Core/Src/usbd_ctlreq.o
                              0x6a478 (size before relaxing)
 .debug_str     0x0006c207       0x67 Middlewares/ST/STM32_USB_Device_Library/Core/Src/usbd_ioreq.o
                              0x6a3a5 (size before relaxing)
 .debug_str     0x0006c26e       0x67 Src/main.o
                              0x6a11e (size before relaxing)
 .debug_str     0x0006c2d5       0x3f Src/stm32f1xx_hal_msp.o
                              0x656ae (size before relaxing)
 .debug_str     0x0006c314       0xc4 Src/stm32f1xx_it.o
                              0x65a57 (size before relaxing)
 .debug_str     0x0006c3d8       0x69 Src/system_stm32f1xx.o
                              0x65715 (size before relaxing)
 .debug_str     0x0006c441       0xd5 Src/usb_device.o
                              0x6a64f (size before relaxing)
 .debug_str     0x0006c516       0x65 Src/usbd_conf.o
                              0x6b0d4 (size before relaxing)
 .debug_str     0x0006c57b       0x7e Src/usbd_custom_hid_if.o
                              0x6a5bc (size before relaxing)
 .debug_str     0x0006c5f9      0x262 Src/usbd_desc.o
                              0x6a2eb (size before relaxing)
 .debug_str     0x0006c85b       0x2f startup/startup_stm32f103xb.o
                                 0x67 (size before relaxing)

.comment        0x00000000       0x7f
 .comment       0x00000000       0x7f Drivers/STM32F1xx_HAL_Driver/Src/stm32f1xx_hal.o
                                 0x80 (size before relaxing)
 .comment       0x0000007f       0x80 Drivers/STM32F1xx_HAL_Driver/Src/stm32f1xx_hal_cortex.o
 .comment       0x0000007f       0x80 Drivers/STM32F1xx_HAL_Driver/Src/stm32f1xx_hal_pcd.o
 .comment       0x0000007f       0x80 Drivers/STM32F1xx_HAL_Driver/Src/stm32f1xx_hal_pcd_ex.o
 .comment       0x0000007f       0x80 Drivers/STM32F1xx_HAL_Driver/Src/stm32f1xx_hal_rcc.o
 .comment       0x0000007f       0x80 Drivers/STM32F1xx_HAL_Driver/Src/stm32f1xx_hal_rcc_ex.o
 .comment       0x0000007f       0x80 Drivers/STM32F1xx_HAL_Driver/Src/stm32f1xx_ll_usb.o
 .comment       0x0000007f       0x80 Middlewares/ST/STM32_USB_Device_Library/Class/CustomHID/Src/usbd_customhid.o
 .comment       0x0000007f       0x80 Middlewares/ST/STM32_USB_Device_Library/Core/Src/usbd_core.o
 .comment       0x0000007f       0x80 Middlewares/ST/STM32_USB_Device_Library/Core/Src/usbd_ctlreq.o
 .comment       0x0000007f       0x80 Middlewares/ST/STM32_USB_Device_Library/Core/Src/usbd_ioreq.o
 .comment       0x0000007f       0x80 Src/main.o
 .comment       0x0000007f       0x80 Src/stm32f1xx_hal_msp.o
 .comment       0x0000007f       0x80 Src/stm32f1xx_it.o
 .comment       0x0000007f       0x80 Src/system_stm32f1xx.o
 .comment       0x0000007f       0x80 Src/usb_device.o
 .comment       0x0000007f       0x80 Src/usbd_conf.o
 .comment       0x0000007f       0x80 Src/usbd_custom_hid_if.o
 .comment       0x0000007f       0x80 Src/usbd_desc.o

.debug_frame    0x00000000     0x1598
 .debug_frame   0x00000000      0x1d0 Drivers/STM32F1xx_HAL_Driver/Src/stm32f1xx_hal.o
 .debug_frame   0x000001d0      0x12c Drivers/STM32F1xx_HAL_Driver/Src/stm32f1xx_hal_cortex.o
 .debug_frame   0x000002fc      0x300 Drivers/STM32F1xx_HAL_Driver/Src/stm32f1xx_hal_pcd.o
 .debug_frame   0x000005fc       0x50 Drivers/STM32F1xx_HAL_Driver/Src/stm32f1xx_hal_pcd_ex.o
 .debug_frame   0x0000064c      0x198 Drivers/STM32F1xx_HAL_Driver/Src/stm32f1xx_hal_rcc.o
 .debug_frame   0x000007e4       0x6c Drivers/STM32F1xx_HAL_Driver/Src/stm32f1xx_hal_rcc_ex.o
 .debug_frame   0x00000850      0x254 Drivers/STM32F1xx_HAL_Driver/Src/stm32f1xx_ll_usb.o
 .debug_frame   0x00000aa4      0x118 Middlewares/ST/STM32_USB_Device_Library/Class/CustomHID/Src/usbd_customhid.o
 .debug_frame   0x00000bbc      0x1c0 Middlewares/ST/STM32_USB_Device_Library/Core/Src/usbd_core.o
 .debug_frame   0x00000d7c      0x178 Middlewares/ST/STM32_USB_Device_Library/Core/Src/usbd_ctlreq.o
 .debug_frame   0x00000ef4       0xb8 Middlewares/ST/STM32_USB_Device_Library/Core/Src/usbd_ioreq.o
 .debug_frame   0x00000fac       0x74 Src/main.o
 .debug_frame   0x00001020       0x28 Src/stm32f1xx_hal_msp.o
 .debug_frame   0x00001048       0xc0 Src/stm32f1xx_it.o
 .debug_frame   0x00001108       0x30 Src/system_stm32f1xx.o
 .debug_frame   0x00001138       0x28 Src/usb_device.o
 .debug_frame   0x00001160      0x2ec Src/usbd_conf.o
 .debug_frame   0x0000144c       0x40 Src/usbd_custom_hid_if.o
 .debug_frame   0x0000148c       0xe0 Src/usbd_desc.o
 .debug_frame   0x0000156c       0x2c c:/users/haru/.p2/pool/plugins/fr.ac6.mcu.externaltools.arm-none.win32_1.17.0.201812190825/tools/compiler/bin/../lib/gcc/arm-none-eabi/7.3.1/../../../../arm-none-eabi/lib/thumb/v7-m\libc_nano.a(lib_a-init.o)
