Archive member included to satisfy reference by file (symbol)

c:/ac6/systemworkbench/plugins/fr.ac6.mcu.externaltools.arm-none.win32_1.17.0.201812190825/tools/compiler/bin/../lib/gcc/arm-none-eabi/7.3.1/../../../../arm-none-eabi/lib/thumb/v7-m\libc_nano.a(lib_a-errno.o)
                              Src/syscalls.o (__errno)
c:/ac6/systemworkbench/plugins/fr.ac6.mcu.externaltools.arm-none.win32_1.17.0.201812190825/tools/compiler/bin/../lib/gcc/arm-none-eabi/7.3.1/../../../../arm-none-eabi/lib/thumb/v7-m\libc_nano.a(lib_a-exit.o)
                              c:/ac6/systemworkbench/plugins/fr.ac6.mcu.externaltools.arm-none.win32_1.17.0.201812190825/tools/compiler/bin/../lib/gcc/arm-none-eabi/7.3.1/../../../../arm-none-eabi/lib/thumb/v7-m/crt0.o (exit)
c:/ac6/systemworkbench/plugins/fr.ac6.mcu.externaltools.arm-none.win32_1.17.0.201812190825/tools/compiler/bin/../lib/gcc/arm-none-eabi/7.3.1/../../../../arm-none-eabi/lib/thumb/v7-m\libc_nano.a(lib_a-impure.o)
                              c:/ac6/systemworkbench/plugins/fr.ac6.mcu.externaltools.arm-none.win32_1.17.0.201812190825/tools/compiler/bin/../lib/gcc/arm-none-eabi/7.3.1/../../../../arm-none-eabi/lib/thumb/v7-m\libc_nano.a(lib_a-exit.o) (_global_impure_ptr)
c:/ac6/systemworkbench/plugins/fr.ac6.mcu.externaltools.arm-none.win32_1.17.0.201812190825/tools/compiler/bin/../lib/gcc/arm-none-eabi/7.3.1/../../../../arm-none-eabi/lib/thumb/v7-m\libc_nano.a(lib_a-init.o)
                              c:/ac6/systemworkbench/plugins/fr.ac6.mcu.externaltools.arm-none.win32_1.17.0.201812190825/tools/compiler/bin/../lib/gcc/arm-none-eabi/7.3.1/../../../../arm-none-eabi/lib/thumb/v7-m/crt0.o (__libc_init_array)
c:/ac6/systemworkbench/plugins/fr.ac6.mcu.externaltools.arm-none.win32_1.17.0.201812190825/tools/compiler/bin/../lib/gcc/arm-none-eabi/7.3.1/../../../../arm-none-eabi/lib/thumb/v7-m\libc_nano.a(lib_a-memset.o)
                              c:/ac6/systemworkbench/plugins/fr.ac6.mcu.externaltools.arm-none.win32_1.17.0.201812190825/tools/compiler/bin/../lib/gcc/arm-none-eabi/7.3.1/../../../../arm-none-eabi/lib/thumb/v7-m/crt0.o (memset)

Allocating common symbols
Common symbol       size              file

hUsbDeviceFS        0x2c4             Src/usb_device.o
uwTick              0x4               Drivers/STM32F1xx_HAL_Driver/Src/stm32f1xx_hal.o
pFlash              0x20              Drivers/STM32F1xx_HAL_Driver/Src/stm32f1xx_hal_flash.o
hpcd_USB_FS         0x26c             Src/usbd_conf.o
USBD_StrDesc        0x200             Src/usbd_desc.o

Discarded input sections

 .text          0x00000000        0x0 c:/ac6/systemworkbench/plugins/fr.ac6.mcu.externaltools.arm-none.win32_1.17.0.201812190825/tools/compiler/bin/../lib/gcc/arm-none-eabi/7.3.1/thumb/v7-m/crti.o
 .data          0x00000000        0x0 c:/ac6/systemworkbench/plugins/fr.ac6.mcu.externaltools.arm-none.win32_1.17.0.201812190825/tools/compiler/bin/../lib/gcc/arm-none-eabi/7.3.1/thumb/v7-m/crti.o
 .bss           0x00000000        0x0 c:/ac6/systemworkbench/plugins/fr.ac6.mcu.externaltools.arm-none.win32_1.17.0.201812190825/tools/compiler/bin/../lib/gcc/arm-none-eabi/7.3.1/thumb/v7-m/crti.o
 .data          0x00000000        0x4 c:/ac6/systemworkbench/plugins/fr.ac6.mcu.externaltools.arm-none.win32_1.17.0.201812190825/tools/compiler/bin/../lib/gcc/arm-none-eabi/7.3.1/thumb/v7-m/crtbegin.o
 .text          0x00000000       0x74 c:/ac6/systemworkbench/plugins/fr.ac6.mcu.externaltools.arm-none.win32_1.17.0.201812190825/tools/compiler/bin/../lib/gcc/arm-none-eabi/7.3.1/../../../../arm-none-eabi/lib/thumb/v7-m/crt0.o
 .data          0x00000000        0x0 c:/ac6/systemworkbench/plugins/fr.ac6.mcu.externaltools.arm-none.win32_1.17.0.201812190825/tools/compiler/bin/../lib/gcc/arm-none-eabi/7.3.1/../../../../arm-none-eabi/lib/thumb/v7-m/crt0.o
 .bss           0x00000000        0x0 c:/ac6/systemworkbench/plugins/fr.ac6.mcu.externaltools.arm-none.win32_1.17.0.201812190825/tools/compiler/bin/../lib/gcc/arm-none-eabi/7.3.1/../../../../arm-none-eabi/lib/thumb/v7-m/crt0.o
 .ARM.extab     0x00000000        0x0 c:/ac6/systemworkbench/plugins/fr.ac6.mcu.externaltools.arm-none.win32_1.17.0.201812190825/tools/compiler/bin/../lib/gcc/arm-none-eabi/7.3.1/../../../../arm-none-eabi/lib/thumb/v7-m/crt0.o
 .ARM.exidx     0x00000000        0x8 c:/ac6/systemworkbench/plugins/fr.ac6.mcu.externaltools.arm-none.win32_1.17.0.201812190825/tools/compiler/bin/../lib/gcc/arm-none-eabi/7.3.1/../../../../arm-none-eabi/lib/thumb/v7-m/crt0.o
 .ARM.attributes
                0x00000000       0x1b c:/ac6/systemworkbench/plugins/fr.ac6.mcu.externaltools.arm-none.win32_1.17.0.201812190825/tools/compiler/bin/../lib/gcc/arm-none-eabi/7.3.1/../../../../arm-none-eabi/lib/thumb/v7-m/crt0.o
 .group         0x00000000        0xc Drivers/STM32F1xx_HAL_Driver/Src/stm32f1xx_hal.o
 .group         0x00000000        0xc Drivers/STM32F1xx_HAL_Driver/Src/stm32f1xx_hal.o
 .group         0x00000000        0xc Drivers/STM32F1xx_HAL_Driver/Src/stm32f1xx_hal.o
[...]
Memory Configuration

Name             Origin             Length             Attributes
RAM              0x20000000         0x00005000         xrw
FLASH            0x08000000         0x00010000         xr
*default*        0x00000000         0xffffffff

Linker script and memory map

LOAD c:/ac6/systemworkbench/plugins/fr.ac6.mcu.externaltools.arm-none.win32_1.17.0.201812190825/tools/compiler/bin/../lib/gcc/arm-none-eabi/7.3.1/thumb/v7-m/crti.o
LOAD c:/ac6/systemworkbench/plugins/fr.ac6.mcu.externaltools.arm-none.win32_1.17.0.201812190825/tools/compiler/bin/../lib/gcc/arm-none-eabi/7.3.1/thumb/v7-m/crtbegin.o
LOAD c:/ac6/systemworkbench/plugins/fr.ac6.mcu.externaltools.arm-none.win32_1.17.0.201812190825/tools/compiler/bin/../lib/gcc/arm-none-eabi/7.3.1/../../../../arm-none-eabi/lib/thumb/v7-m/crt0.o
LOAD Drivers/STM32F1xx_HAL_Driver/Src/stm32f1xx_hal.o
LOAD Drivers/STM32F1xx_HAL_Driver/Src/stm32f1xx_hal_cortex.o
LOAD Drivers/STM32F1xx_HAL_Driver/Src/stm32f1xx_hal_dma.o
LOAD Drivers/STM32F1xx_HAL_Driver/Src/stm32f1xx_hal_exti.o
LOAD Drivers/STM32F1xx_HAL_Driver/Src/stm32f1xx_hal_flash.o
LOAD Drivers/STM32F1xx_HAL_Driver/Src/stm32f1xx_hal_flash_ex.o
LOAD Drivers/STM32F1xx_HAL_Driver/Src/stm32f1xx_hal_gpio.o
LOAD Drivers/STM32F1xx_HAL_Driver/Src/stm32f1xx_hal_gpio_ex.o
LOAD Drivers/STM32F1xx_HAL_Driver/Src/stm32f1xx_hal_pcd.o
LOAD Drivers/STM32F1xx_HAL_Driver/Src/stm32f1xx_hal_pcd_ex.o
LOAD Drivers/STM32F1xx_HAL_Driver/Src/stm32f1xx_hal_pwr.o
LOAD Drivers/STM32F1xx_HAL_Driver/Src/stm32f1xx_hal_rcc.o
LOAD Drivers/STM32F1xx_HAL_Driver/Src/stm32f1xx_hal_rcc_ex.o
LOAD Drivers/STM32F1xx_HAL_Driver/Src/stm32f1xx_hal_tim.o
LOAD Drivers/STM32F1xx_HAL_Driver/Src/stm32f1xx_hal_tim_ex.o
LOAD Drivers/STM32F1xx_HAL_Driver/Src/stm32f1xx_ll_usb.o
LOAD Middlewares/ST/STM32_USB_Device_Library/Class/CustomHID/Src/usbd_customhid.o
LOAD Middlewares/ST/STM32_USB_Device_Library/Core/Src/usbd_core.o
LOAD Middlewares/ST/STM32_USB_Device_Library/Core/Src/usbd_ctlreq.o
LOAD Middlewares/ST/STM32_USB_Device_Library/Core/Src/usbd_ioreq.o
LOAD Src/main.o
LOAD Src/stm32f1xx_hal_msp.o
LOAD Src/stm32f1xx_it.o
LOAD Src/syscalls.o
LOAD Src/system_stm32f1xx.o
LOAD Src/usb_device.o
LOAD Src/usbd_conf.o
LOAD Src/usbd_custom_hid_if.o
LOAD Src/usbd_desc.o
LOAD startup/startup_stm32f103xb.o
LOAD c:/ac6/systemworkbench/plugins/fr.ac6.mcu.externaltools.arm-none.win32_1.17.0.201812190825/tools/compiler/bin/../lib/gcc/arm-none-eabi/7.3.1/../../../../arm-none-eabi/lib/thumb/v7-m\libm.a
START GROUP
LOAD c:/ac6/systemworkbench/plugins/fr.ac6.mcu.externaltools.arm-none.win32_1.17.0.201812190825/tools/compiler/bin/../lib/gcc/arm-none-eabi/7.3.1/thumb/v7-m\libgcc.a
LOAD c:/ac6/systemworkbench/plugins/fr.ac6.mcu.externaltools.arm-none.win32_1.17.0.201812190825/tools/compiler/bin/../lib/gcc/arm-none-eabi/7.3.1/../../../../arm-none-eabi/lib/thumb/v7-m\libc_nano.a
END GROUP
START GROUP
LOAD c:/ac6/systemworkbench/plugins/fr.ac6.mcu.externaltools.arm-none.win32_1.17.0.201812190825/tools/compiler/bin/../lib/gcc/arm-none-eabi/7.3.1/thumb/v7-m\libgcc.a
LOAD c:/ac6/systemworkbench/plugins/fr.ac6.mcu.externaltools.arm-none.win32_1.17.0.201812190825/tools/compiler/bin/../lib/gcc/arm-none-eabi/7.3.1/../../../../arm-none-eabi/lib/thumb/v7-m\libc_nano.a
LOAD c:/ac6/systemworkbench/plugins/fr.ac6.mcu.externaltools.arm-none.win32_1.17.0.201812190825/tools/compiler/bin/../lib/gcc/arm-none-eabi/7.3.1/../../../../arm-none-eabi/lib/thumb/v7-m\libnosys.a
END GROUP
START GROUP
LOAD c:/ac6/systemworkbench/plugins/fr.ac6.mcu.externaltools.arm-none.win32_1.17.0.201812190825/tools/compiler/bin/../lib/gcc/arm-none-eabi/7.3.1/thumb/v7-m\libgcc.a
LOAD c:/ac6/systemworkbench/plugins/fr.ac6.mcu.externaltools.arm-none.win32_1.17.0.201812190825/tools/compiler/bin/../lib/gcc/arm-none-eabi/7.3.1/../../../../arm-none-eabi/lib/thumb/v7-m\libc_nano.a
LOAD c:/ac6/systemworkbench/plugins/fr.ac6.mcu.externaltools.arm-none.win32_1.17.0.201812190825/tools/compiler/bin/../lib/gcc/arm-none-eabi/7.3.1/../../../../arm-none-eabi/lib/thumb/v7-m\libnosys.a
END GROUP
LOAD c:/ac6/systemworkbench/plugins/fr.ac6.mcu.externaltools.arm-none.win32_1.17.0.201812190825/tools/compiler/bin/../lib/gcc/arm-none-eabi/7.3.1/thumb/v7-m/crtend.o
LOAD c:/ac6/systemworkbench/plugins/fr.ac6.mcu.externaltools.arm-none.win32_1.17.0.201812190825/tools/compiler/bin/../lib/gcc/arm-none-eabi/7.3.1/thumb/v7-m/crtn.o
                0x20005000                _estack = 0x20005000
                0x00000200                _Min_Heap_Size = 0x200
                0x00000400                _Min_Stack_Size = 0x400

.isr_vector     0x08000000      0x10c
                0x08000000                . = ALIGN (0x4)
 *(.isr_vector)
 .isr_vector    0x08000000      0x10c startup/startup_stm32f103xb.o
                0x08000000                g_pfnVectors
                0x0800010c                . = ALIGN (0x4)

.text           0x0800010c     0x2db4
                0x0800010c                . = ALIGN (0x4)
 *(.text)
 .text          0x0800010c       0x40 c:/ac6/systemworkbench/plugins/fr.ac6.mcu.externaltools.arm-none.win32_1.17.0.201812190825/tools/compiler/bin/../lib/gcc/arm-none-eabi/7.3.1/thumb/v7-m/crtbegin.o
 *(.text*)
 .text.HAL_InitTick
                0x0800014c       0x48 Drivers/STM32F1xx_HAL_Driver/Src/stm32f1xx_hal.o
                0x0800014c                HAL_InitTick
 .text.HAL_Init
                0x08000194       0x24 Drivers/STM32F1xx_HAL_Driver/Src/stm32f1xx_hal.o
                0x08000194                HAL_Init
 .text.HAL_IncTick
                0x080001b8       0x18 Drivers/STM32F1xx_HAL_Driver/Src/stm32f1xx_hal.o
                0x080001b8                HAL_IncTick
 .text.HAL_GetTick
                0x080001d0        0xc Drivers/STM32F1xx_HAL_Driver/Src/stm32f1xx_hal.o
                0x080001d0                HAL_GetTick
 .text.HAL_Delay
                0x080001dc       0x28 Drivers/STM32F1xx_HAL_Driver/Src/stm32f1xx_hal.o
                0x080001dc                HAL_Delay
 .text.HAL_NVIC_SetPriorityGrouping
                0x08000204       0x24 Drivers/STM32F1xx_HAL_Driver/Src/stm32f1xx_hal_cortex.o
                0x08000204                HAL_NVIC_SetPriorityGrouping
 .text.HAL_NVIC_SetPriority
                0x08000228       0x68 Drivers/STM32F1xx_HAL_Driver/Src/stm32f1xx_hal_cortex.o
                0x08000228                HAL_NVIC_SetPriority
 .text.HAL_NVIC_EnableIRQ
                0x08000290       0x1c Drivers/STM32F1xx_HAL_Driver/Src/stm32f1xx_hal_cortex.o
                0x08000290                HAL_NVIC_EnableIRQ
 .text.HAL_SYSTICK_Config
                0x080002ac       0x2c Drivers/STM32F1xx_HAL_Driver/Src/stm32f1xx_hal_cortex.o
                0x080002ac                HAL_SYSTICK_Config
 .text.HAL_PCD_Init
                0x080002d8       0xf4 Drivers/STM32F1xx_HAL_Driver/Src/stm32f1xx_hal_pcd.o
                0x080002d8                HAL_PCD_Init
 .text.HAL_PCD_Start
                0x080003cc       0x2e Drivers/STM32F1xx_HAL_Driver/Src/stm32f1xx_hal_pcd.o
                0x080003cc                HAL_PCD_Start
 .text.HAL_PCD_SetAddress
                0x080003fa       0x28 Drivers/STM32F1xx_HAL_Driver/Src/stm32f1xx_hal_pcd.o
                0x080003fa                HAL_PCD_SetAddress
 .text.HAL_PCD_EP_Open
                0x08000422       0x70 Drivers/STM32F1xx_HAL_Driver/Src/stm32f1xx_hal_pcd.o
                0x08000422                HAL_PCD_EP_Open
 .text.HAL_PCD_EP_Close
                0x08000492       0x5c Drivers/STM32F1xx_HAL_Driver/Src/stm32f1xx_hal_pcd.o
                0x08000492                HAL_PCD_EP_Close
 .text.HAL_PCD_EP_Receive
                0x080004ee       0x3e Drivers/STM32F1xx_HAL_Driver/Src/stm32f1xx_hal_pcd.o
                0x080004ee                HAL_PCD_EP_Receive
 .text.HAL_PCD_EP_Transmit
                0x0800052c       0x3c Drivers/STM32F1xx_HAL_Driver/Src/stm32f1xx_hal_pcd.o
                0x0800052c                HAL_PCD_EP_Transmit
 .text.PCD_EP_ISR_Handler
                0x08000568      0x370 Drivers/STM32F1xx_HAL_Driver/Src/stm32f1xx_hal_pcd.o
 .text.HAL_PCD_IRQHandler
                0x080008d8      0x172 Drivers/STM32F1xx_HAL_Driver/Src/stm32f1xx_hal_pcd.o
                0x080008d8                HAL_PCD_IRQHandler
 .text.HAL_PCD_EP_SetStall
                0x08000a4a       0x6e Drivers/STM32F1xx_HAL_Driver/Src/stm32f1xx_hal_pcd.o
                0x08000a4a                HAL_PCD_EP_SetStall
 .text.HAL_PCD_EP_ClrStall
                0x08000ab8       0x6e Drivers/STM32F1xx_HAL_Driver/Src/stm32f1xx_hal_pcd.o
                0x08000ab8                HAL_PCD_EP_ClrStall
 .text.HAL_PCDEx_PMAConfig
                0x08000b26       0x30 Drivers/STM32F1xx_HAL_Driver/Src/stm32f1xx_hal_pcd_ex.o
                0x08000b26                HAL_PCDEx_PMAConfig
 *fill*         0x08000b56        0x2 
 .text.RCC_Delay
                0x08000b58       0x2c Drivers/STM32F1xx_HAL_Driver/Src/stm32f1xx_hal_rcc.o
 .text.HAL_RCC_OscConfig
                0x08000b84      0x410 Drivers/STM32F1xx_HAL_Driver/Src/stm32f1xx_hal_rcc.o
                0x08000b84                HAL_RCC_OscConfig
 .text.HAL_RCC_GetSysClockFreq
                0x08000f94       0x70 Drivers/STM32F1xx_HAL_Driver/Src/stm32f1xx_hal_rcc.o
                0x08000f94                HAL_RCC_GetSysClockFreq
 .text.HAL_RCC_ClockConfig
                0x08001004      0x168 Drivers/STM32F1xx_HAL_Driver/Src/stm32f1xx_hal_rcc.o
                0x08001004                HAL_RCC_ClockConfig
 .text.HAL_RCCEx_PeriphCLKConfig
                0x0800116c      0x114 Drivers/STM32F1xx_HAL_Driver/Src/stm32f1xx_hal_rcc_ex.o
                0x0800116c                HAL_RCCEx_PeriphCLKConfig
 .text.USB_CoreInit
                0x08001280        0xe Drivers/STM32F1xx_HAL_Driver/Src/stm32f1xx_ll_usb.o
                0x08001280                USB_CoreInit
 .text.USB_EnableGlobalInt
                0x0800128e       0x10 Drivers/STM32F1xx_HAL_Driver/Src/stm32f1xx_ll_usb.o
                0x0800128e                USB_EnableGlobalInt
 .text.USB_DisableGlobalInt
                0x0800129e       0x14 Drivers/STM32F1xx_HAL_Driver/Src/stm32f1xx_ll_usb.o
                0x0800129e                USB_DisableGlobalInt
 .text.USB_SetCurrentMode
                0x080012b2        0x4 Drivers/STM32F1xx_HAL_Driver/Src/stm32f1xx_ll_usb.o
                0x080012b2                USB_SetCurrentMode
 .text.USB_DevInit
                0x080012b6       0x2c Drivers/STM32F1xx_HAL_Driver/Src/stm32f1xx_ll_usb.o
                0x080012b6                USB_DevInit
 .text.USB_ActivateEndpoint
                0x080012e2      0x368 Drivers/STM32F1xx_HAL_Driver/Src/stm32f1xx_ll_usb.o
                0x080012e2                USB_ActivateEndpoint
 .text.USB_DeactivateEndpoint
                0x0800164a      0x1d4 Drivers/STM32F1xx_HAL_Driver/Src/stm32f1xx_ll_usb.o
                0x0800164a                USB_DeactivateEndpoint
 .text.USB_EPSetStall
                0x0800181e       0x4a Drivers/STM32F1xx_HAL_Driver/Src/stm32f1xx_ll_usb.o
                0x0800181e                USB_EPSetStall
 .text.USB_EPClearStall
                0x08001868       0xa2 Drivers/STM32F1xx_HAL_Driver/Src/stm32f1xx_ll_usb.o
                0x08001868                USB_EPClearStall
 .text.USB_SetDevAddress
                0x0800190a        0xc Drivers/STM32F1xx_HAL_Driver/Src/stm32f1xx_ll_usb.o
                0x0800190a                USB_SetDevAddress
 .text.USB_DevConnect
                0x08001916        0x4 Drivers/STM32F1xx_HAL_Driver/Src/stm32f1xx_ll_usb.o
                0x08001916                USB_DevConnect
 .text.USB_DevDisconnect
                0x0800191a        0x4 Drivers/STM32F1xx_HAL_Driver/Src/stm32f1xx_ll_usb.o
                0x0800191a                USB_DevDisconnect
 .text.USB_ReadInterrupts
                0x0800191e        0x6 Drivers/STM32F1xx_HAL_Driver/Src/stm32f1xx_ll_usb.o
                0x0800191e                USB_ReadInterrupts
 .text.USB_EP0_OutStart
                0x08001924        0x4 Drivers/STM32F1xx_HAL_Driver/Src/stm32f1xx_ll_usb.o
                0x08001924                USB_EP0_OutStart
 .text.USB_WritePMA
                0x08001928       0x2a Drivers/STM32F1xx_HAL_Driver/Src/stm32f1xx_ll_usb.o
                0x08001928                USB_WritePMA
 .text.USB_EPStartXfer
                0x08001952      0x320 Drivers/STM32F1xx_HAL_Driver/Src/stm32f1xx_ll_usb.o
                0x08001952                USB_EPStartXfer
 .text.USB_ReadPMA
                0x08001c72       0x30 Drivers/STM32F1xx_HAL_Driver/Src/stm32f1xx_ll_usb.o
                0x08001c72                USB_ReadPMA
 *fill*         0x08001ca2        0x2 
 .text.USBD_CUSTOM_HID_GetFSCfgDesc
                0x08001ca4        0xc Middlewares/ST/STM32_USB_Device_Library/Class/CustomHID/Src/usbd_customhid.o
 .text.USBD_CUSTOM_HID_GetHSCfgDesc
                0x08001cb0        0xc Middlewares/ST/STM32_USB_Device_Library/Class/CustomHID/Src/usbd_customhid.o
 .text.USBD_CUSTOM_HID_GetOtherSpeedCfgDesc
                0x08001cbc        0xc Middlewares/ST/STM32_USB_Device_Library/Class/CustomHID/Src/usbd_customhid.o
 .text.USBD_CUSTOM_HID_DataIn
                0x08001cc8        0xa Middlewares/ST/STM32_USB_Device_Library/Class/CustomHID/Src/usbd_customhid.o
 .text.USBD_CUSTOM_HID_EP0_RxReady
                0x08001cd2       0x20 Middlewares/ST/STM32_USB_Device_Library/Class/CustomHID/Src/usbd_customhid.o
 *fill*         0x08001cf2        0x2 
 .text.USBD_CUSTOM_HID_GetDeviceQualifierDesc
                0x08001cf4        0xc Middlewares/ST/STM32_USB_Device_Library/Class/CustomHID/Src/usbd_customhid.o
 .text.USBD_CUSTOM_HID_DataOut
                0x08001d00       0x24 Middlewares/ST/STM32_USB_Device_Library/Class/CustomHID/Src/usbd_customhid.o
 .text.USBD_CUSTOM_HID_Setup
                0x08001d24      0x128 Middlewares/ST/STM32_USB_Device_Library/Class/CustomHID/Src/usbd_customhid.o
 .text.USBD_CUSTOM_HID_DeInit
                0x08001e4c       0x38 Middlewares/ST/STM32_USB_Device_Library/Class/CustomHID/Src/usbd_customhid.o
 .text.USBD_CUSTOM_HID_Init
                0x08001e84       0x50 Middlewares/ST/STM32_USB_Device_Library/Class/CustomHID/Src/usbd_customhid.o
 .text.USBD_CUSTOM_HID_SendReport
                0x08001ed4       0x2c Middlewares/ST/STM32_USB_Device_Library/Class/CustomHID/Src/usbd_customhid.o
                0x08001ed4                USBD_CUSTOM_HID_SendReport
 .text.USBD_CUSTOM_HID_RegisterInterface
                0x08001f00        0xe Middlewares/ST/STM32_USB_Device_Library/Class/CustomHID/Src/usbd_customhid.o
                0x08001f00                USBD_CUSTOM_HID_RegisterInterface
 .text.USBD_Init
                0x08001f0e       0x2e Middlewares/ST/STM32_USB_Device_Library/Core/Src/usbd_core.o
                0x08001f0e                USBD_Init
 .text.USBD_RegisterClass
                0x08001f3c        0xe Middlewares/ST/STM32_USB_Device_Library/Core/Src/usbd_core.o
                0x08001f3c                USBD_RegisterClass
 .text.USBD_Start
                0x08001f4a        0xa Middlewares/ST/STM32_USB_Device_Library/Core/Src/usbd_core.o
                0x08001f4a                USBD_Start
 .text.USBD_SetClassConfig
                0x08001f54       0x1a Middlewares/ST/STM32_USB_Device_Library/Core/Src/usbd_core.o
                0x08001f54                USBD_SetClassConfig
 .text.USBD_ClrClassConfig
                0x08001f6e        0xe Middlewares/ST/STM32_USB_Device_Library/Core/Src/usbd_core.o
                0x08001f6e                USBD_ClrClassConfig
 .text.USBD_LL_SetupStage
                0x08001f7c       0x5a Middlewares/ST/STM32_USB_Device_Library/Core/Src/usbd_core.o
                0x08001f7c                USBD_LL_SetupStage
 .text.USBD_LL_DataOutStage
                0x08001fd6       0x92 Middlewares/ST/STM32_USB_Device_Library/Core/Src/usbd_core.o
                0x08001fd6                USBD_LL_DataOutStage
 .text.USBD_LL_DataInStage
                0x08002068       0xd2 Middlewares/ST/STM32_USB_Device_Library/Core/Src/usbd_core.o
                0x08002068                USBD_LL_DataInStage
 .text.USBD_LL_Reset
                0x0800213a       0x50 Middlewares/ST/STM32_USB_Device_Library/Core/Src/usbd_core.o
                0x0800213a                USBD_LL_Reset
 .text.USBD_LL_SetSpeed
                0x0800218a        0x6 Middlewares/ST/STM32_USB_Device_Library/Core/Src/usbd_core.o
                0x0800218a                USBD_LL_SetSpeed
 .text.USBD_LL_Suspend
                0x08002190       0x12 Middlewares/ST/STM32_USB_Device_Library/Core/Src/usbd_core.o
                0x08002190                USBD_LL_Suspend
 .text.USBD_LL_Resume
                0x080021a2       0x16 Middlewares/ST/STM32_USB_Device_Library/Core/Src/usbd_core.o
                0x080021a2                USBD_LL_Resume
 .text.USBD_LL_SOF
                0x080021b8       0x1c Middlewares/ST/STM32_USB_Device_Library/Core/Src/usbd_core.o
                0x080021b8                USBD_LL_SOF
 .text.USBD_GetLen
                0x080021d4       0x14 Middlewares/ST/STM32_USB_Device_Library/Core/Src/usbd_ctlreq.o
 .text.USBD_SetFeature
                0x080021e8       0x14 Middlewares/ST/STM32_USB_Device_Library/Core/Src/usbd_ctlreq.o
 .text.USBD_ParseSetupRequest
                0x080021fc       0x28 Middlewares/ST/STM32_USB_Device_Library/Core/Src/usbd_ctlreq.o
                0x080021fc                USBD_ParseSetupRequest
 .text.USBD_CtlError
                0x08002224       0x14 Middlewares/ST/STM32_USB_Device_Library/Core/Src/usbd_ctlreq.o
                0x08002224                USBD_CtlError
 .text.USBD_GetDescriptor
                0x08002238      0x186 Middlewares/ST/STM32_USB_Device_Library/Core/Src/usbd_ctlreq.o
 .text.USBD_SetAddress
                0x080023be       0x4e Middlewares/ST/STM32_USB_Device_Library/Core/Src/usbd_ctlreq.o
 .text.USBD_SetConfig
                0x0800240c       0xb0 Middlewares/ST/STM32_USB_Device_Library/Core/Src/usbd_ctlreq.o
 .text.USBD_GetConfig
                0x080024bc       0x3c Middlewares/ST/STM32_USB_Device_Library/Core/Src/usbd_ctlreq.o
 .text.USBD_GetStatus
                0x080024f8       0x38 Middlewares/ST/STM32_USB_Device_Library/Core/Src/usbd_ctlreq.o
 .text.USBD_ClrFeature
                0x08002530       0x26 Middlewares/ST/STM32_USB_Device_Library/Core/Src/usbd_ctlreq.o
 .text.USBD_StdDevReq
                0x08002556       0x68 Middlewares/ST/STM32_USB_Device_Library/Core/Src/usbd_ctlreq.o
                0x08002556                USBD_StdDevReq
 .text.USBD_StdItfReq
                0x080025be       0x60 Middlewares/ST/STM32_USB_Device_Library/Core/Src/usbd_ctlreq.o
                0x080025be                USBD_StdItfReq
 .text.USBD_StdEPReq
                0x0800261e      0x20e Middlewares/ST/STM32_USB_Device_Library/Core/Src/usbd_ctlreq.o
                0x0800261e                USBD_StdEPReq
 .text.USBD_GetString
                0x0800282c       0x38 Middlewares/ST/STM32_USB_Device_Library/Core/Src/usbd_ctlreq.o
                0x0800282c                USBD_GetString
 .text.USBD_CtlSendData
                0x08002864       0x1a Middlewares/ST/STM32_USB_Device_Library/Core/Src/usbd_ioreq.o
                0x08002864                USBD_CtlSendData
 .text.USBD_CtlContinueSendData
                0x0800287e       0x10 Middlewares/ST/STM32_USB_Device_Library/Core/Src/usbd_ioreq.o
                0x0800287e                USBD_CtlContinueSendData
 .text.USBD_CtlPrepareRx
                0x0800288e       0x1e Middlewares/ST/STM32_USB_Device_Library/Core/Src/usbd_ioreq.o
                0x0800288e                USBD_CtlPrepareRx
 .text.USBD_CtlContinueRx
                0x080028ac       0x10 Middlewares/ST/STM32_USB_Device_Library/Core/Src/usbd_ioreq.o
                0x080028ac                USBD_CtlContinueRx
 .text.USBD_CtlSendStatus
                0x080028bc       0x16 Middlewares/ST/STM32_USB_Device_Library/Core/Src/usbd_ioreq.o
                0x080028bc                USBD_CtlSendStatus
 .text.USBD_CtlReceiveStatus
                0x080028d2       0x16 Middlewares/ST/STM32_USB_Device_Library/Core/Src/usbd_ioreq.o
                0x080028d2                USBD_CtlReceiveStatus
 .text.MX_GPIO_Init
                0x080028e8       0x30 Src/main.o
 .text.send_reports
                0x08002918       0x2c Src/main.o
                0x08002918                send_reports
 .text.SystemClock_Config
                0x08002944       0x6a Src/main.o
                0x08002944                SystemClock_Config
 .text.main     0x080029ae       0x18 Src/main.o
                0x080029ae                main
 .text.Error_Handler
                0x080029c6        0x2 Src/main.o
                0x080029c6                Error_Handler
 .text.HAL_MspInit
                0x080029c8       0x44 Src/stm32f1xx_hal_msp.o
                0x080029c8                HAL_MspInit
 .text.NMI_Handler
                0x08002a0c        0x2 Src/stm32f1xx_it.o
                0x08002a0c                NMI_Handler
 .text.HardFault_Handler
                0x08002a0e        0x2 Src/stm32f1xx_it.o
                0x08002a0e                HardFault_Handler
 .text.MemManage_Handler
                0x08002a10        0x2 Src/stm32f1xx_it.o
                0x08002a10                MemManage_Handler
 .text.BusFault_Handler
                0x08002a12        0x2 Src/stm32f1xx_it.o
                0x08002a12                BusFault_Handler
 .text.UsageFault_Handler
                0x08002a14        0x2 Src/stm32f1xx_it.o
                0x08002a14                UsageFault_Handler
 .text.SVC_Handler
                0x08002a16        0x2 Src/stm32f1xx_it.o
                0x08002a16                SVC_Handler
 .text.DebugMon_Handler
                0x08002a18        0x2 Src/stm32f1xx_it.o
                0x08002a18                DebugMon_Handler
 .text.PendSV_Handler
                0x08002a1a        0x2 Src/stm32f1xx_it.o
                0x08002a1a                PendSV_Handler
 .text.SysTick_Handler
                0x08002a1c        0x8 Src/stm32f1xx_it.o
                0x08002a1c                SysTick_Handler
 .text.USB_LP_CAN1_RX0_IRQHandler
                0x08002a24       0x10 Src/stm32f1xx_it.o
                0x08002a24                USB_LP_CAN1_RX0_IRQHandler
 .text.SystemInit
                0x08002a34       0x4c Src/system_stm32f1xx.o
                0x08002a34                SystemInit
 .text.MX_USB_DEVICE_Init
                0x08002a80       0x54 Src/usb_device.o
                0x08002a80                MX_USB_DEVICE_Init
 .text.USBD_Get_USB_Status
                0x08002ad4       0x12 Src/usbd_conf.o
 *fill*         0x08002ae6        0x2 
 .text.HAL_PCD_MspInit
                0x08002ae8       0x40 Src/usbd_conf.o
                0x08002ae8                HAL_PCD_MspInit
 .text.HAL_PCD_SetupStageCallback
                0x08002b28       0x10 Src/usbd_conf.o
                0x08002b28                HAL_PCD_SetupStageCallback
 .text.HAL_PCD_DataOutStageCallback
                0x08002b38       0x14 Src/usbd_conf.o
                0x08002b38                HAL_PCD_DataOutStageCallback
 .text.HAL_PCD_DataInStageCallback
                0x08002b4c       0x12 Src/usbd_conf.o
                0x08002b4c                HAL_PCD_DataInStageCallback
 .text.HAL_PCD_SOFCallback
                0x08002b5e        0xc Src/usbd_conf.o
                0x08002b5e                HAL_PCD_SOFCallback
 .text.HAL_PCD_ResetCallback
                0x08002b6a       0x22 Src/usbd_conf.o
                0x08002b6a                HAL_PCD_ResetCallback
 .text.HAL_PCD_SuspendCallback
                0x08002b8c       0x20 Src/usbd_conf.o
                0x08002b8c                HAL_PCD_SuspendCallback
 .text.HAL_PCD_ResumeCallback
                0x08002bac        0xc Src/usbd_conf.o
                0x08002bac                HAL_PCD_ResumeCallback
 .text.USBD_LL_Init
                0x08002bb8       0x74 Src/usbd_conf.o
                0x08002bb8                USBD_LL_Init
 .text.USBD_LL_Start
                0x08002c2c       0x10 Src/usbd_conf.o
                0x08002c2c                USBD_LL_Start
 .text.USBD_LL_OpenEP
                0x08002c3c       0x16 Src/usbd_conf.o
                0x08002c3c                USBD_LL_OpenEP
 .text.USBD_LL_CloseEP
                0x08002c52       0x10 Src/usbd_conf.o
                0x08002c52                USBD_LL_CloseEP
 .text.USBD_LL_StallEP
                0x08002c62       0x10 Src/usbd_conf.o
                0x08002c62                USBD_LL_StallEP
 .text.USBD_LL_ClearStallEP
                0x08002c72       0x10 Src/usbd_conf.o
                0x08002c72                USBD_LL_ClearStallEP
 .text.USBD_LL_IsStallEP
                0x08002c82       0x26 Src/usbd_conf.o
                0x08002c82                USBD_LL_IsStallEP
 .text.USBD_LL_SetUSBAddress
                0x08002ca8       0x10 Src/usbd_conf.o
                0x08002ca8                USBD_LL_SetUSBAddress
 .text.USBD_LL_Transmit
                0x08002cb8       0x10 Src/usbd_conf.o
                0x08002cb8                USBD_LL_Transmit
 .text.USBD_LL_PrepareReceive
                0x08002cc8       0x10 Src/usbd_conf.o
                0x08002cc8                USBD_LL_PrepareReceive
 .text.USBD_static_malloc
                0x08002cd8        0x8 Src/usbd_conf.o
                0x08002cd8                USBD_static_malloc
 .text.USBD_static_free
                0x08002ce0        0x2 Src/usbd_conf.o
                0x08002ce0                USBD_static_free
 .text.HAL_PCDEx_SetConnectionState
                0x08002ce2        0x2 Src/usbd_conf.o
                0x08002ce2                HAL_PCDEx_SetConnectionState
 .text.CUSTOM_HID_Init_FS
                0x08002ce4        0x4 Src/usbd_custom_hid_if.o
 .text.CUSTOM_HID_DeInit_FS
                0x08002ce8        0x4 Src/usbd_custom_hid_if.o
 .text.CUSTOM_HID_OutEvent_FS
                0x08002cec        0x4 Src/usbd_custom_hid_if.o
 .text.USBD_FS_DeviceDescriptor
                0x08002cf0        0xc Src/usbd_desc.o
                0x08002cf0                USBD_FS_DeviceDescriptor
 .text.USBD_FS_LangIDStrDescriptor
                0x08002cfc        0xc Src/usbd_desc.o
                0x08002cfc                USBD_FS_LangIDStrDescriptor
 .text.IntToUnicode
                0x08002d08       0x36 Src/usbd_desc.o
 *fill*         0x08002d3e        0x2 
 .text.Get_SerialNum
                0x08002d40       0x38 Src/usbd_desc.o
 .text.USBD_FS_SerialStrDescriptor
                0x08002d78       0x14 Src/usbd_desc.o
                0x08002d78                USBD_FS_SerialStrDescriptor
 .text.USBD_FS_ProductStrDescriptor
                0x08002d8c       0x24 Src/usbd_desc.o
                0x08002d8c                USBD_FS_ProductStrDescriptor
 .text.USBD_FS_ManufacturerStrDescriptor
                0x08002db0       0x1c Src/usbd_desc.o
                0x08002db0                USBD_FS_ManufacturerStrDescriptor
 .text.USBD_FS_ConfigStrDescriptor
                0x08002dcc       0x24 Src/usbd_desc.o
                0x08002dcc                USBD_FS_ConfigStrDescriptor
 .text.USBD_FS_InterfaceStrDescriptor
                0x08002df0       0x24 Src/usbd_desc.o
                0x08002df0                USBD_FS_InterfaceStrDescriptor
 .text.Reset_Handler
                0x08002e14       0x48 startup/startup_stm32f103xb.o
                0x08002e14                Reset_Handler
 .text.Default_Handler
                0x08002e5c        0x2 startup/startup_stm32f103xb.o
                0x08002e5c                RTC_Alarm_IRQHandler
                0x08002e5c                EXTI2_IRQHandler
                0x08002e5c                TIM1_CC_IRQHandler
                0x08002e5c                PVD_IRQHandler
                0x08002e5c                EXTI3_IRQHandler
                0x08002e5c                EXTI0_IRQHandler
                0x08002e5c                I2C2_EV_IRQHandler
                0x08002e5c                ADC1_2_IRQHandler
                0x08002e5c                SPI1_IRQHandler
                0x08002e5c                TAMPER_IRQHandler
                0x08002e5c                DMA1_Channel4_IRQHandler
                0x08002e5c                USART3_IRQHandler
                0x08002e5c                RTC_IRQHandler
                0x08002e5c                DMA1_Channel7_IRQHandler
                0x08002e5c                CAN1_RX1_IRQHandler
                0x08002e5c                TIM4_IRQHandler
                0x08002e5c                I2C1_EV_IRQHandler
                0x08002e5c                DMA1_Channel6_IRQHandler
                0x08002e5c                TIM3_IRQHandler
                0x08002e5c                RCC_IRQHandler
                0x08002e5c                TIM1_TRG_COM_IRQHandler
                0x08002e5c                DMA1_Channel1_IRQHandler
                0x08002e5c                Default_Handler
                0x08002e5c                EXTI15_10_IRQHandler
                0x08002e5c                EXTI9_5_IRQHandler
                0x08002e5c                SPI2_IRQHandler
                0x08002e5c                DMA1_Channel5_IRQHandler
                0x08002e5c                EXTI4_IRQHandler
                0x08002e5c                USB_HP_CAN1_TX_IRQHandler
                0x08002e5c                DMA1_Channel3_IRQHandler
                0x08002e5c                TIM1_UP_IRQHandler
                0x08002e5c                WWDG_IRQHandler
                0x08002e5c                TIM2_IRQHandler
                0x08002e5c                TIM1_BRK_IRQHandler
                0x08002e5c                EXTI1_IRQHandler
                0x08002e5c                USART2_IRQHandler
                0x08002e5c                I2C2_ER_IRQHandler
                0x08002e5c                DMA1_Channel2_IRQHandler
                0x08002e5c                CAN1_SCE_IRQHandler
                0x08002e5c                FLASH_IRQHandler
                0x08002e5c                USART1_IRQHandler
                0x08002e5c                I2C1_ER_IRQHandler
                0x08002e5c                USBWakeUp_IRQHandler
 *fill*         0x08002e5e        0x2 
 .text.__libc_init_array
                0x08002e60       0x48 c:/ac6/systemworkbench/plugins/fr.ac6.mcu.externaltools.arm-none.win32_1.17.0.201812190825/tools/compiler/bin/../lib/gcc/arm-none-eabi/7.3.1/../../../../arm-none-eabi/lib/thumb/v7-m\libc_nano.a(lib_a-init.o)
                0x08002e60                __libc_init_array
 *(.glue_7)
 .glue_7        0x08002ea8        0x0 linker stubs
 *(.glue_7t)
 .glue_7t       0x08002ea8        0x0 linker stubs
 *(.eh_frame)
 .eh_frame      0x08002ea8        0x0 c:/ac6/systemworkbench/plugins/fr.ac6.mcu.externaltools.arm-none.win32_1.17.0.201812190825/tools/compiler/bin/../lib/gcc/arm-none-eabi/7.3.1/thumb/v7-m/crtbegin.o
 *(.init)
 .init          0x08002ea8        0x4 c:/ac6/systemworkbench/plugins/fr.ac6.mcu.externaltools.arm-none.win32_1.17.0.201812190825/tools/compiler/bin/../lib/gcc/arm-none-eabi/7.3.1/thumb/v7-m/crti.o
                0x08002ea8                _init
 .init          0x08002eac        0x8 c:/ac6/systemworkbench/plugins/fr.ac6.mcu.externaltools.arm-none.win32_1.17.0.201812190825/tools/compiler/bin/../lib/gcc/arm-none-eabi/7.3.1/thumb/v7-m/crtn.o
 *(.fini)
 .fini          0x08002eb4        0x4 c:/ac6/systemworkbench/plugins/fr.ac6.mcu.externaltools.arm-none.win32_1.17.0.201812190825/tools/compiler/bin/../lib/gcc/arm-none-eabi/7.3.1/thumb/v7-m/crti.o
                0x08002eb4                _fini
 .fini          0x08002eb8        0x8 c:/ac6/systemworkbench/plugins/fr.ac6.mcu.externaltools.arm-none.win32_1.17.0.201812190825/tools/compiler/bin/../lib/gcc/arm-none-eabi/7.3.1/thumb/v7-m/crtn.o
                0x08002ec0                . = ALIGN (0x4)
                0x08002ec0                _etext = .

.vfp11_veneer   0x08002ec0        0x0
 .vfp11_veneer  0x08002ec0        0x0 linker stubs

.v4_bx          0x08002ec0        0x0
 .v4_bx         0x08002ec0        0x0 linker stubs

.iplt           0x08002ec0        0x0
 .iplt          0x08002ec0        0x0 c:/ac6/systemworkbench/plugins/fr.ac6.mcu.externaltools.arm-none.win32_1.17.0.201812190825/tools/compiler/bin/../lib/gcc/arm-none-eabi/7.3.1/thumb/v7-m/crtbegin.o

.rodata         0x08002ec0       0x90
                0x08002ec0                . = ALIGN (0x4)
 *(.rodata)
 .rodata        0x08002ec0       0x12 Drivers/STM32F1xx_HAL_Driver/Src/stm32f1xx_hal_rcc.o
 *fill*         0x08002ed2        0x2 
 .rodata        0x08002ed4        0x4 Src/main.o
 .rodata        0x08002ed8       0x18 Src/system_stm32f1xx.o
                0x08002ed8                AHBPrescTable
                0x08002ee8                APBPrescTable
 *(.rodata*)
 .rodata.str1.4
                0x08002ef0       0x60 Src/usbd_desc.o
                                 0x5d (size before relaxing)
                0x08002f50                . = ALIGN (0x4)

.rel.dyn        0x08002f50        0x0
 .rel.iplt      0x08002f50        0x0 c:/ac6/systemworkbench/plugins/fr.ac6.mcu.externaltools.arm-none.win32_1.17.0.201812190825/tools/compiler/bin/../lib/gcc/arm-none-eabi/7.3.1/thumb/v7-m/crtbegin.o

.ARM.extab
 *(.ARM.extab* .gnu.linkonce.armextab.*)

.ARM            0x08002f50        0x0
                0x08002f50                __exidx_start = .
 *(.ARM.exidx*)
                0x08002f50                __exidx_end = .

.preinit_array  0x08002f50        0x0
                0x08002f50                PROVIDE (__preinit_array_start = .)
 *(.preinit_array*)
                0x08002f50                PROVIDE (__preinit_array_end = .)

.init_array     0x08002f50        0x4
                0x08002f50                PROVIDE (__init_array_start = .)
 *(SORT_BY_NAME(.init_array.*))
 *(.init_array*)
 .init_array    0x08002f50        0x4 c:/ac6/systemworkbench/plugins/fr.ac6.mcu.externaltools.arm-none.win32_1.17.0.201812190825/tools/compiler/bin/../lib/gcc/arm-none-eabi/7.3.1/thumb/v7-m/crtbegin.o
                0x08002f54                PROVIDE (__init_array_end = .)

.fini_array     0x08002f54        0x4
                [!provide]                PROVIDE (__fini_array_start = .)
 *(SORT_BY_NAME(.fini_array.*))
 *(.fini_array*)
 .fini_array    0x08002f54        0x4 c:/ac6/systemworkbench/plugins/fr.ac6.mcu.externaltools.arm-none.win32_1.17.0.201812190825/tools/compiler/bin/../lib/gcc/arm-none-eabi/7.3.1/thumb/v7-m/crtbegin.o
                [!provide]                PROVIDE (__fini_array_end = .)
                0x08002f58                _sidata = LOADADDR (.data)

.data           0x20000000      0x17c load address 0x08002f58
                0x20000000                . = ALIGN (0x4)
                0x20000000                _sdata = .
 *(.data)
 .data          0x20000000        0x8 Drivers/STM32F1xx_HAL_Driver/Src/stm32f1xx_hal.o
                0x20000000                uwTickFreq
                0x20000004                uwTickPrio
 .data          0x20000008       0xd4 Middlewares/ST/STM32_USB_Device_Library/Class/CustomHID/Src/usbd_customhid.o
                0x200000a4                USBD_CUSTOM_HID
 .data          0x200000dc        0x4 Src/system_stm32f1xx.o
                0x200000dc                SystemCoreClock
 .data          0x200000e0       0x49 Src/usbd_custom_hid_if.o
                0x200000e0                USBD_CustomHID_fops_FS
 *fill*         0x20000129        0x3 
 .data          0x2000012c       0x50 Src/usbd_desc.o
                0x2000012c                USBD_FS_DeviceDesc
                0x20000140                USBD_LangIDDesc
                0x20000144                USBD_StringSerial
                0x20000160                FS_Desc
 *(.data*)
                0x2000017c                . = ALIGN (0x4)
                0x2000017c                _edata = .

.igot.plt       0x2000017c        0x0 load address 0x080030d4
 .igot.plt      0x2000017c        0x0 c:/ac6/systemworkbench/plugins/fr.ac6.mcu.externaltools.arm-none.win32_1.17.0.201812190825/tools/compiler/bin/../lib/gcc/arm-none-eabi/7.3.1/thumb/v7-m/crtbegin.o
                0x2000017c                . = ALIGN (0x4)

.bss            0x2000017c      0x770 load address 0x080030d4
                0x2000017c                _sbss = .
                0x2000017c                __bss_start__ = _sbss
 *(.bss)
 .bss           0x2000017c       0x1c c:/ac6/systemworkbench/plugins/fr.ac6.mcu.externaltools.arm-none.win32_1.17.0.201812190825/tools/compiler/bin/../lib/gcc/arm-none-eabi/7.3.1/thumb/v7-m/crtbegin.o
 .bss           0x20000198        0x1 Middlewares/ST/STM32_USB_Device_Library/Core/Src/usbd_ctlreq.o
 *fill*         0x20000199        0x3 
 .bss           0x2000019c       0x1c Src/usbd_conf.o
 *(.bss*)
 *(COMMON)
 COMMON         0x200001b8        0x4 Drivers/STM32F1xx_HAL_Driver/Src/stm32f1xx_hal.o
                0x200001b8                uwTick
 COMMON         0x200001bc      0x2c4 Src/usb_device.o
                0x200001bc                hUsbDeviceFS
 COMMON         0x20000480      0x26c Src/usbd_conf.o
                0x20000480                hpcd_USB_FS
 COMMON         0x200006ec      0x200 Src/usbd_desc.o
                0x200006ec                USBD_StrDesc
                0x200008ec                . = ALIGN (0x4)
                0x200008ec                _ebss = .
                0x200008ec                __bss_end__ = _ebss

._user_heap_stack
                0x200008ec      0x604 load address 0x080030d4
                0x200008f0                . = ALIGN (0x8)
 *fill*         0x200008ec        0x4 
                0x200008f0                PROVIDE (end = .)
                [!provide]                PROVIDE (_end = .)
                0x20000af0                . = (. + _Min_Heap_Size)
 *fill*         0x200008f0      0x200 
                0x20000ef0                . = (. + _Min_Stack_Size)
 *fill*         0x20000af0      0x400 
                0x20000ef0                . = ALIGN (0x8)

/DISCARD/
 libc.a(*)
 libm.a(*)
 libgcc.a(*)

.ARM.attributes
                0x00000000       0x29
 *(.ARM.attributes)
 .ARM.attributes
                0x00000000       0x1d c:/ac6/systemworkbench/plugins/fr.ac6.mcu.externaltools.arm-none.win32_1.17.0.201812190825/tools/compiler/bin/../lib/gcc/arm-none-eabi/7.3.1/thumb/v7-m/crti.o
 .ARM.attributes
                0x0000001d       0x2d c:/ac6/systemworkbench/plugins/fr.ac6.mcu.externaltools.arm-none.win32_1.17.0.201812190825/tools/compiler/bin/../lib/gcc/arm-none-eabi/7.3.1/thumb/v7-m/crtbegin.o
 .ARM.attributes
                0x0000004a       0x33 Drivers/STM32F1xx_HAL_Driver/Src/stm32f1xx_hal.o
 .ARM.attributes
                0x0000007d       0x33 Drivers/STM32F1xx_HAL_Driver/Src/stm32f1xx_hal_cortex.o
 .ARM.attributes
                0x000000b0       0x33 Drivers/STM32F1xx_HAL_Driver/Src/stm32f1xx_hal_pcd.o
 .ARM.attributes
                0x000000e3       0x33 Drivers/STM32F1xx_HAL_Driver/Src/stm32f1xx_hal_pcd_ex.o
 .ARM.attributes
                0x00000116       0x33 Drivers/STM32F1xx_HAL_Driver/Src/stm32f1xx_hal_rcc.o
 .ARM.attributes
                0x00000149       0x33 Drivers/STM32F1xx_HAL_Driver/Src/stm32f1xx_hal_rcc_ex.o
 .ARM.attributes
                0x0000017c       0x33 Drivers/STM32F1xx_HAL_Driver/Src/stm32f1xx_ll_usb.o
 .ARM.attributes
                0x000001af       0x33 Middlewares/ST/STM32_USB_Device_Library/Class/CustomHID/Src/usbd_customhid.o
 .ARM.attributes
                0x000001e2       0x33 Middlewares/ST/STM32_USB_Device_Library/Core/Src/usbd_core.o
 .ARM.attributes
                0x00000215       0x33 Middlewares/ST/STM32_USB_Device_Library/Core/Src/usbd_ctlreq.o
 .ARM.attributes
                0x00000248       0x33 Middlewares/ST/STM32_USB_Device_Library/Core/Src/usbd_ioreq.o
 .ARM.attributes
                0x0000027b       0x33 Src/main.o
 .ARM.attributes
                0x000002ae       0x33 Src/stm32f1xx_hal_msp.o
 .ARM.attributes
                0x000002e1       0x33 Src/stm32f1xx_it.o
 .ARM.attributes
                0x00000314       0x33 Src/system_stm32f1xx.o
 .ARM.attributes
                0x00000347       0x33 Src/usb_device.o
 .ARM.attributes
                0x0000037a       0x33 Src/usbd_conf.o
 .ARM.attributes
                0x000003ad       0x33 Src/usbd_custom_hid_if.o
 .ARM.attributes
                0x000003e0       0x33 Src/usbd_desc.o
 .ARM.attributes
                0x00000413       0x21 startup/startup_stm32f103xb.o
 .ARM.attributes
                0x00000434       0x2d c:/ac6/systemworkbench/plugins/fr.ac6.mcu.externaltools.arm-none.win32_1.17.0.201812190825/tools/compiler/bin/../lib/gcc/arm-none-eabi/7.3.1/../../../../arm-none-eabi/lib/thumb/v7-m\libc_nano.a(lib_a-init.o)
 .ARM.attributes
                0x00000461       0x1d c:/ac6/systemworkbench/plugins/fr.ac6.mcu.externaltools.arm-none.win32_1.17.0.201812190825/tools/compiler/bin/../lib/gcc/arm-none-eabi/7.3.1/thumb/v7-m/crtn.o
OUTPUT(procom_controller.elf elf32-littlearm)

.debug_info     0x00000000    0x11294
 .debug_info    0x00000000      0x7a9 Drivers/STM32F1xx_HAL_Driver/Src/stm32f1xx_hal.o
 .debug_info    0x000007a9      0xcaa Drivers/STM32F1xx_HAL_Driver/Src/stm32f1xx_hal_cortex.o
 .debug_info    0x00001453     0x12e7 Drivers/STM32F1xx_HAL_Driver/Src/stm32f1xx_hal_pcd.o
 .debug_info    0x0000273a      0x75f Drivers/STM32F1xx_HAL_Driver/Src/stm32f1xx_hal_pcd_ex.o
 .debug_info    0x00002e99      0x9e4 Drivers/STM32F1xx_HAL_Driver/Src/stm32f1xx_hal_rcc.o
 .debug_info    0x0000387d      0x48c Drivers/STM32F1xx_HAL_Driver/Src/stm32f1xx_hal_rcc_ex.o
 .debug_info    0x00003d09     0x15c5 Drivers/STM32F1xx_HAL_Driver/Src/stm32f1xx_ll_usb.o
 .debug_info    0x000052ce     0x1499 Middlewares/ST/STM32_USB_Device_Library/Class/CustomHID/Src/usbd_customhid.o
 .debug_info    0x00006767     0x155d Middlewares/ST/STM32_USB_Device_Library/Core/Src/usbd_core.o
 .debug_info    0x00007cc4     0x1882 Middlewares/ST/STM32_USB_Device_Library/Core/Src/usbd_ctlreq.o
 .debug_info    0x00009546     0x102d Middlewares/ST/STM32_USB_Device_Library/Core/Src/usbd_ioreq.o
 .debug_info    0x0000a573     0x1162 Src/main.o
 .debug_info    0x0000b6d5      0x2ca Src/stm32f1xx_hal_msp.o
 .debug_info    0x0000b99f      0x6b5 Src/stm32f1xx_it.o
 .debug_info    0x0000c054      0x436 Src/system_stm32f1xx.o
 .debug_info    0x0000c48a      0xf17 Src/usb_device.o
 .debug_info    0x0000d3a1     0x21b7 Src/usbd_conf.o
 .debug_info    0x0000f558      0xec3 Src/usbd_custom_hid_if.o
 .debug_info    0x0001041b      0xe57 Src/usbd_desc.o
 .debug_info    0x00011272       0x22 startup/startup_stm32f103xb.o

.debug_abbrev   0x00000000     0x2b16
 .debug_abbrev  0x00000000      0x1fe Drivers/STM32F1xx_HAL_Driver/Src/stm32f1xx_hal.o
 .debug_abbrev  0x000001fe      0x303 Drivers/STM32F1xx_HAL_Driver/Src/stm32f1xx_hal_cortex.o
 .debug_abbrev  0x00000501      0x289 Drivers/STM32F1xx_HAL_Driver/Src/stm32f1xx_hal_pcd.o
 .debug_abbrev  0x0000078a      0x197 Drivers/STM32F1xx_HAL_Driver/Src/stm32f1xx_hal_pcd_ex.o
 .debug_abbrev  0x00000921      0x257 Drivers/STM32F1xx_HAL_Driver/Src/stm32f1xx_hal_rcc.o
 .debug_abbrev  0x00000b78      0x1c9 Drivers/STM32F1xx_HAL_Driver/Src/stm32f1xx_hal_rcc_ex.o
 .debug_abbrev  0x00000d41      0x23c Drivers/STM32F1xx_HAL_Driver/Src/stm32f1xx_ll_usb.o
 .debug_abbrev  0x00000f7d      0x2d7 Middlewares/ST/STM32_USB_Device_Library/Class/CustomHID/Src/usbd_customhid.o
 .debug_abbrev  0x00001254      0x2ac Middlewares/ST/STM32_USB_Device_Library/Core/Src/usbd_core.o
 .debug_abbrev  0x00001500      0x329 Middlewares/ST/STM32_USB_Device_Library/Core/Src/usbd_ctlreq.o
 .debug_abbrev  0x00001829      0x215 Middlewares/ST/STM32_USB_Device_Library/Core/Src/usbd_ioreq.o
 .debug_abbrev  0x00001a3e      0x2b4 Src/main.o
 .debug_abbrev  0x00001cf2      0x109 Src/stm32f1xx_hal_msp.o
 .debug_abbrev  0x00001dfb      0x173 Src/stm32f1xx_it.o
 .debug_abbrev  0x00001f6e      0x134 Src/system_stm32f1xx.o
 .debug_abbrev  0x000020a2      0x21c Src/usb_device.o
 .debug_abbrev  0x000022be      0x336 Src/usbd_conf.o
 .debug_abbrev  0x000025f4      0x22b Src/usbd_custom_hid_if.o
 .debug_abbrev  0x0000281f      0x2e5 Src/usbd_desc.o
 .debug_abbrev  0x00002b04       0x12 startup/startup_stm32f103xb.o

.debug_loc      0x00000000     0x597f
 .debug_loc     0x00000000      0x104 Drivers/STM32F1xx_HAL_Driver/Src/stm32f1xx_hal.o
 .debug_loc     0x00000104      0x5ad Drivers/STM32F1xx_HAL_Driver/Src/stm32f1xx_hal_cortex.o
 .debug_loc     0x000006b1      0xaeb Drivers/STM32F1xx_HAL_Driver/Src/stm32f1xx_hal_pcd.o
 .debug_loc     0x0000119c       0xdc Drivers/STM32F1xx_HAL_Driver/Src/stm32f1xx_hal_pcd_ex.o
 .debug_loc     0x00001278      0x4bb Drivers/STM32F1xx_HAL_Driver/Src/stm32f1xx_hal_rcc.o
 .debug_loc     0x00001733      0x2d0 Drivers/STM32F1xx_HAL_Driver/Src/stm32f1xx_hal_rcc_ex.o
 .debug_loc     0x00001a03     0x10b2 Drivers/STM32F1xx_HAL_Driver/Src/stm32f1xx_ll_usb.o
 .debug_loc     0x00002ab5      0x755 Middlewares/ST/STM32_USB_Device_Library/Class/CustomHID/Src/usbd_customhid.o
 .debug_loc     0x0000320a      0x6ed Middlewares/ST/STM32_USB_Device_Library/Core/Src/usbd_core.o
 .debug_loc     0x000038f7     0x105b Middlewares/ST/STM32_USB_Device_Library/Core/Src/usbd_ctlreq.o
 .debug_loc     0x00004952      0x23c Middlewares/ST/STM32_USB_Device_Library/Core/Src/usbd_ioreq.o
 .debug_loc     0x00004b8e       0xdf Src/system_stm32f1xx.o
 .debug_loc     0x00004c6d      0x9e3 Src/usbd_conf.o
 .debug_loc     0x00005650       0x21 Src/usbd_custom_hid_if.o
 .debug_loc     0x00005671      0x30e Src/usbd_desc.o

.debug_aranges  0x00000000      0x978
 .debug_aranges
                0x00000000       0xe0 Drivers/STM32F1xx_HAL_Driver/Src/stm32f1xx_hal.o
 .debug_aranges
                0x000000e0       0x90 Drivers/STM32F1xx_HAL_Driver/Src/stm32f1xx_hal_cortex.o
 .debug_aranges
                0x00000170      0x120 Drivers/STM32F1xx_HAL_Driver/Src/stm32f1xx_hal_pcd.o
 .debug_aranges
                0x00000290       0x38 Drivers/STM32F1xx_HAL_Driver/Src/stm32f1xx_hal_pcd_ex.o
 .debug_aranges
                0x000002c8       0x90 Drivers/STM32F1xx_HAL_Driver/Src/stm32f1xx_hal_rcc.o
 .debug_aranges
                0x00000358       0x30 Drivers/STM32F1xx_HAL_Driver/Src/stm32f1xx_hal_rcc_ex.o
 .debug_aranges
                0x00000388      0x108 Drivers/STM32F1xx_HAL_Driver/Src/stm32f1xx_ll_usb.o
 .debug_aranges
                0x00000490       0x78 Middlewares/ST/STM32_USB_Device_Library/Class/CustomHID/Src/usbd_customhid.o
 .debug_aranges
                0x00000508       0xb8 Middlewares/ST/STM32_USB_Device_Library/Core/Src/usbd_core.o
 .debug_aranges
                0x000005c0       0x88 Middlewares/ST/STM32_USB_Device_Library/Core/Src/usbd_ctlreq.o
 .debug_aranges
                0x00000648       0x50 Middlewares/ST/STM32_USB_Device_Library/Core/Src/usbd_ioreq.o
 .debug_aranges
                0x00000698       0x40 Src/main.o
 .debug_aranges
                0x000006d8       0x20 Src/stm32f1xx_hal_msp.o
 .debug_aranges
                0x000006f8       0x68 Src/stm32f1xx_it.o
 .debug_aranges
                0x00000760       0x28 Src/system_stm32f1xx.o
 .debug_aranges
                0x00000788       0x20 Src/usb_device.o
 .debug_aranges
                0x000007a8      0x118 Src/usbd_conf.o
 .debug_aranges
                0x000008c0       0x30 Src/usbd_custom_hid_if.o
 .debug_aranges
                0x000008f0       0x60 Src/usbd_desc.o
 .debug_aranges
                0x00000950       0x28 startup/startup_stm32f103xb.o

.debug_ranges   0x00000000      0xa28
 .debug_ranges  0x00000000       0xd0 Drivers/STM32F1xx_HAL_Driver/Src/stm32f1xx_hal.o
 .debug_ranges  0x000000d0       0xe0 Drivers/STM32F1xx_HAL_Driver/Src/stm32f1xx_hal_cortex.o
 .debug_ranges  0x000001b0      0x140 Drivers/STM32F1xx_HAL_Driver/Src/stm32f1xx_hal_pcd.o
 .debug_ranges  0x000002f0       0x28 Drivers/STM32F1xx_HAL_Driver/Src/stm32f1xx_hal_pcd_ex.o
 .debug_ranges  0x00000318       0xa0 Drivers/STM32F1xx_HAL_Driver/Src/stm32f1xx_hal_rcc.o
 .debug_ranges  0x000003b8       0x38 Drivers/STM32F1xx_HAL_Driver/Src/stm32f1xx_hal_rcc_ex.o
 .debug_ranges  0x000003f0      0x218 Drivers/STM32F1xx_HAL_Driver/Src/stm32f1xx_ll_usb.o
 .debug_ranges  0x00000608       0x68 Middlewares/ST/STM32_USB_Device_Library/Class/CustomHID/Src/usbd_customhid.o
 .debug_ranges  0x00000670       0xa8 Middlewares/ST/STM32_USB_Device_Library/Core/Src/usbd_core.o
 .debug_ranges  0x00000718       0x78 Middlewares/ST/STM32_USB_Device_Library/Core/Src/usbd_ctlreq.o
 .debug_ranges  0x00000790       0x40 Middlewares/ST/STM32_USB_Device_Library/Core/Src/usbd_ioreq.o
 .debug_ranges  0x000007d0       0x30 Src/main.o
 .debug_ranges  0x00000800       0x10 Src/stm32f1xx_hal_msp.o
 .debug_ranges  0x00000810       0x58 Src/stm32f1xx_it.o
 .debug_ranges  0x00000868       0x18 Src/system_stm32f1xx.o
 .debug_ranges  0x00000880       0x10 Src/usb_device.o
 .debug_ranges  0x00000890      0x108 Src/usbd_conf.o
 .debug_ranges  0x00000998       0x20 Src/usbd_custom_hid_if.o
 .debug_ranges  0x000009b8       0x50 Src/usbd_desc.o
 .debug_ranges  0x00000a08       0x20 startup/startup_stm32f103xb.o

.debug_macro    0x00000000    0x16224
 .debug_macro   0x00000000      0x1c3 Drivers/STM32F1xx_HAL_Driver/Src/stm32f1xx_hal.o
 .debug_macro   0x000001c3      0xa60 Drivers/STM32F1xx_HAL_Driver/Src/stm32f1xx_hal.o
 .debug_macro   0x00000c23      0x215 Drivers/STM32F1xx_HAL_Driver/Src/stm32f1xx_hal.o
 .debug_macro   0x00000e38       0x2e Drivers/STM32F1xx_HAL_Driver/Src/stm32f1xx_hal.o
 .debug_macro   0x00000e66       0x22 Drivers/STM32F1xx_HAL_Driver/Src/stm32f1xx_hal.o
 .debug_macro   0x00000e88       0x22 Drivers/STM32F1xx_HAL_Driver/Src/stm32f1xx_hal.o
 .debug_macro   0x00000eaa       0x8e Drivers/STM32F1xx_HAL_Driver/Src/stm32f1xx_hal.o
 .debug_macro   0x00000f38       0x51 Drivers/STM32F1xx_HAL_Driver/Src/stm32f1xx_hal.o
 .debug_macro   0x00000f89       0xef Drivers/STM32F1xx_HAL_Driver/Src/stm32f1xx_hal.o
 .debug_macro   0x00001078       0x6a Drivers/STM32F1xx_HAL_Driver/Src/stm32f1xx_hal.o
 .debug_macro   0x000010e2      0x1df Drivers/STM32F1xx_HAL_Driver/Src/stm32f1xx_hal.o
 .debug_macro   0x000012c1       0x1c Drivers/STM32F1xx_HAL_Driver/Src/stm32f1xx_hal.o
 .debug_macro   0x000012dd       0x22 Drivers/STM32F1xx_HAL_Driver/Src/stm32f1xx_hal.o
 .debug_macro   0x000012ff       0xc3 Drivers/STM32F1xx_HAL_Driver/Src/stm32f1xx_hal.o
 .debug_macro   0x000013c2      0xd23 Drivers/STM32F1xx_HAL_Driver/Src/stm32f1xx_hal.o
 .debug_macro   0x000020e5     0xe09e Drivers/STM32F1xx_HAL_Driver/Src/stm32f1xx_hal.o
 .debug_macro   0x00010183       0x43 Drivers/STM32F1xx_HAL_Driver/Src/stm32f1xx_hal.o
 .debug_macro   0x000101c6      0x174 Drivers/STM32F1xx_HAL_Driver/Src/stm32f1xx_hal.o
 .debug_macro   0x0001033a       0x4e Drivers/STM32F1xx_HAL_Driver/Src/stm32f1xx_hal.o
 .debug_macro   0x00010388      0x5be Drivers/STM32F1xx_HAL_Driver/Src/stm32f1xx_hal.o
 .debug_macro   0x00010946      0x289 Drivers/STM32F1xx_HAL_Driver/Src/stm32f1xx_hal.o
 .debug_macro   0x00010bcf      0x1cb Drivers/STM32F1xx_HAL_Driver/Src/stm32f1xx_hal.o
 .debug_macro   0x00010d9a      0x114 Drivers/STM32F1xx_HAL_Driver/Src/stm32f1xx_hal.o
 .debug_macro   0x00010eae      0x1b2 Drivers/STM32F1xx_HAL_Driver/Src/stm32f1xx_hal.o
 .debug_macro   0x00011060       0x27 Drivers/STM32F1xx_HAL_Driver/Src/stm32f1xx_hal.o
 .debug_macro   0x00011087      0x136 Drivers/STM32F1xx_HAL_Driver/Src/stm32f1xx_hal.o
 .debug_macro   0x000111bd      0x1bc Drivers/STM32F1xx_HAL_Driver/Src/stm32f1xx_hal.o
 .debug_macro   0x00011379       0x34 Drivers/STM32F1xx_HAL_Driver/Src/stm32f1xx_hal.o
 .debug_macro   0x000113ad       0x3c Drivers/STM32F1xx_HAL_Driver/Src/stm32f1xx_hal.o
 .debug_macro   0x000113e9       0x57 Drivers/STM32F1xx_HAL_Driver/Src/stm32f1xx_hal.o
 .debug_macro   0x00011440       0x88 Drivers/STM32F1xx_HAL_Driver/Src/stm32f1xx_hal.o
 .debug_macro   0x000114c8      0x241 Drivers/STM32F1xx_HAL_Driver/Src/stm32f1xx_hal.o
 .debug_macro   0x00011709      0x141 Drivers/STM32F1xx_HAL_Driver/Src/stm32f1xx_hal.o
 .debug_macro   0x0001184a       0x65 Drivers/STM32F1xx_HAL_Driver/Src/stm32f1xx_hal.o
 .debug_macro   0x000118af      0x249 Drivers/STM32F1xx_HAL_Driver/Src/stm32f1xx_hal.o
 .debug_macro   0x00011af8       0x83 Drivers/STM32F1xx_HAL_Driver/Src/stm32f1xx_hal.o
 .debug_macro   0x00011b7b      0x19f Drivers/STM32F1xx_HAL_Driver/Src/stm32f1xx_hal_cortex.o
 .debug_macro   0x00011d1a      0x1ab Drivers/STM32F1xx_HAL_Driver/Src/stm32f1xx_hal_pcd.o
 .debug_macro   0x00011ec5      0x19f Drivers/STM32F1xx_HAL_Driver/Src/stm32f1xx_hal_pcd_ex.o
 .debug_macro   0x00012064      0x1b1 Drivers/STM32F1xx_HAL_Driver/Src/stm32f1xx_hal_rcc.o
 .debug_macro   0x00012215      0x19f Drivers/STM32F1xx_HAL_Driver/Src/stm32f1xx_hal_rcc_ex.o
 .debug_macro   0x000123b4      0x19f Drivers/STM32F1xx_HAL_Driver/Src/stm32f1xx_ll_usb.o
 .debug_macro   0x00012553      0x3b1 Middlewares/ST/STM32_USB_Device_Library/Class/CustomHID/Src/usbd_customhid.o
 .debug_macro   0x00012904       0x58 Middlewares/ST/STM32_USB_Device_Library/Class/CustomHID/Src/usbd_customhid.o
 .debug_macro   0x0001295c       0x18 Middlewares/ST/STM32_USB_Device_Library/Class/CustomHID/Src/usbd_customhid.o
 .debug_macro   0x00012974       0x94 Middlewares/ST/STM32_USB_Device_Library/Class/CustomHID/Src/usbd_customhid.o
 .debug_macro   0x00012a08       0x35 Middlewares/ST/STM32_USB_Device_Library/Class/CustomHID/Src/usbd_customhid.o
 .debug_macro   0x00012a3d       0x34 Middlewares/ST/STM32_USB_Device_Library/Class/CustomHID/Src/usbd_customhid.o
 .debug_macro   0x00012a71       0x16 Middlewares/ST/STM32_USB_Device_Library/Class/CustomHID/Src/usbd_customhid.o
 .debug_macro   0x00012a87       0x57 Middlewares/ST/STM32_USB_Device_Library/Class/CustomHID/Src/usbd_customhid.o
 .debug_macro   0x00012ade       0x97 Middlewares/ST/STM32_USB_Device_Library/Class/CustomHID/Src/usbd_customhid.o
 .debug_macro   0x00012b75      0x330 Middlewares/ST/STM32_USB_Device_Library/Class/CustomHID/Src/usbd_customhid.o
 .debug_macro   0x00012ea5       0xfd Middlewares/ST/STM32_USB_Device_Library/Class/CustomHID/Src/usbd_customhid.o
 .debug_macro   0x00012fa2       0x10 Middlewares/ST/STM32_USB_Device_Library/Class/CustomHID/Src/usbd_customhid.o
 .debug_macro   0x00012fb2       0x58 Middlewares/ST/STM32_USB_Device_Library/Class/CustomHID/Src/usbd_customhid.o
 .debug_macro   0x0001300a       0x1f Middlewares/ST/STM32_USB_Device_Library/Class/CustomHID/Src/usbd_customhid.o
 .debug_macro   0x00013029       0x43 Middlewares/ST/STM32_USB_Device_Library/Class/CustomHID/Src/usbd_customhid.o
 .debug_macro   0x0001306c       0x20 Middlewares/ST/STM32_USB_Device_Library/Class/CustomHID/Src/usbd_customhid.o
 .debug_macro   0x0001308c      0x18e Middlewares/ST/STM32_USB_Device_Library/Class/CustomHID/Src/usbd_customhid.o
 .debug_macro   0x0001321a       0x10 Middlewares/ST/STM32_USB_Device_Library/Class/CustomHID/Src/usbd_customhid.o
 .debug_macro   0x0001322a       0x1c Middlewares/ST/STM32_USB_Device_Library/Class/CustomHID/Src/usbd_customhid.o
 .debug_macro   0x00013246       0x52 Middlewares/ST/STM32_USB_Device_Library/Class/CustomHID/Src/usbd_customhid.o
 .debug_macro   0x00013298       0x40 Middlewares/ST/STM32_USB_Device_Library/Class/CustomHID/Src/usbd_customhid.o
 .debug_macro   0x000132d8       0x10 Middlewares/ST/STM32_USB_Device_Library/Class/CustomHID/Src/usbd_customhid.o
 .debug_macro   0x000132e8       0x40 Middlewares/ST/STM32_USB_Device_Library/Class/CustomHID/Src/usbd_customhid.o
 .debug_macro   0x00013328       0xd7 Middlewares/ST/STM32_USB_Device_Library/Class/CustomHID/Src/usbd_customhid.o
 .debug_macro   0x000133ff       0x1c Middlewares/ST/STM32_USB_Device_Library/Class/CustomHID/Src/usbd_customhid.o
 .debug_macro   0x0001341b       0x3d Middlewares/ST/STM32_USB_Device_Library/Class/CustomHID/Src/usbd_customhid.o
 .debug_macro   0x00013458       0x16 Middlewares/ST/STM32_USB_Device_Library/Class/CustomHID/Src/usbd_customhid.o
 .debug_macro   0x0001346e      0x16f Middlewares/ST/STM32_USB_Device_Library/Class/CustomHID/Src/usbd_customhid.o
 .debug_macro   0x000135dd       0x16 Middlewares/ST/STM32_USB_Device_Library/Class/CustomHID/Src/usbd_customhid.o
 .debug_macro   0x000135f3       0x35 Middlewares/ST/STM32_USB_Device_Library/Class/CustomHID/Src/usbd_customhid.o
 .debug_macro   0x00013628       0x16 Middlewares/ST/STM32_USB_Device_Library/Class/CustomHID/Src/usbd_customhid.o
 .debug_macro   0x0001363e       0x29 Middlewares/ST/STM32_USB_Device_Library/Class/CustomHID/Src/usbd_customhid.o
 .debug_macro   0x00013667       0x16 Middlewares/ST/STM32_USB_Device_Library/Class/CustomHID/Src/usbd_customhid.o
 .debug_macro   0x0001367d       0xbd Middlewares/ST/STM32_USB_Device_Library/Class/CustomHID/Src/usbd_customhid.o
 .debug_macro   0x0001373a       0x6c Middlewares/ST/STM32_USB_Device_Library/Class/CustomHID/Src/usbd_customhid.o
 .debug_macro   0x000137a6      0x1c8 Middlewares/ST/STM32_USB_Device_Library/Class/CustomHID/Src/usbd_customhid.o
 .debug_macro   0x0001396e       0x65 Middlewares/ST/STM32_USB_Device_Library/Class/CustomHID/Src/usbd_customhid.o
 .debug_macro   0x000139d3      0x398 Middlewares/ST/STM32_USB_Device_Library/Core/Src/usbd_core.o
 .debug_macro   0x00013d6b      0x1ce Middlewares/ST/STM32_USB_Device_Library/Core/Src/usbd_core.o
 .debug_macro   0x00013f39      0x3a2 Middlewares/ST/STM32_USB_Device_Library/Core/Src/usbd_ctlreq.o
 .debug_macro   0x000142db      0x39e Middlewares/ST/STM32_USB_Device_Library/Core/Src/usbd_ioreq.o
 .debug_macro   0x00014679      0x3c5 Src/main.o
 .debug_macro   0x00014a3e       0x5e Src/main.o
 .debug_macro   0x00014a9c      0x32a Src/main.o
 .debug_macro   0x00014dc6      0x1a9 Src/stm32f1xx_hal_msp.o
 .debug_macro   0x00014f6f      0x1b3 Src/stm32f1xx_it.o
 .debug_macro   0x00015122      0x1a5 Src/system_stm32f1xx.o
 .debug_macro   0x000152c7      0x3d8 Src/usb_device.o
 .debug_macro   0x0001569f       0x22 Src/usb_device.o
 .debug_macro   0x000156c1      0x3bb Src/usbd_conf.o
 .debug_macro   0x00015a7c      0x3b7 Src/usbd_custom_hid_if.o
 .debug_macro   0x00015e33      0x3d5 Src/usbd_desc.o
 .debug_macro   0x00016208       0x1c Src/usbd_desc.o

.debug_line     0x00000000     0xa62a
 .debug_line    0x00000000      0x7e4 Drivers/STM32F1xx_HAL_Driver/Src/stm32f1xx_hal.o
 .debug_line    0x000007e4      0x7f2 Drivers/STM32F1xx_HAL_Driver/Src/stm32f1xx_hal_cortex.o
 .debug_line    0x00000fd6      0xaf3 Drivers/STM32F1xx_HAL_Driver/Src/stm32f1xx_hal_pcd.o
 .debug_line    0x00001ac9      0x65e Drivers/STM32F1xx_HAL_Driver/Src/stm32f1xx_hal_pcd_ex.o
 .debug_line    0x00002127      0x8ed Drivers/STM32F1xx_HAL_Driver/Src/stm32f1xx_hal_rcc.o
 .debug_line    0x00002a14      0x6d0 Drivers/STM32F1xx_HAL_Driver/Src/stm32f1xx_hal_rcc_ex.o
 .debug_line    0x000030e4      0xaba Drivers/STM32F1xx_HAL_Driver/Src/stm32f1xx_ll_usb.o
 .debug_line    0x00003b9e      0xa2b Middlewares/ST/STM32_USB_Device_Library/Class/CustomHID/Src/usbd_customhid.o
 .debug_line    0x000045c9      0xa72 Middlewares/ST/STM32_USB_Device_Library/Core/Src/usbd_core.o
 .debug_line    0x0000503b      0xb38 Middlewares/ST/STM32_USB_Device_Library/Core/Src/usbd_ctlreq.o
 .debug_line    0x00005b73      0x8bb Middlewares/ST/STM32_USB_Device_Library/Core/Src/usbd_ioreq.o
 .debug_line    0x0000642e      0x904 Src/main.o
 .debug_line    0x00006d32      0x60b Src/stm32f1xx_hal_msp.o
 .debug_line    0x0000733d      0x6ac Src/stm32f1xx_it.o
 .debug_line    0x000079e9      0x63d Src/system_stm32f1xx.o
 .debug_line    0x00008026      0x8d5 Src/usb_device.o
 .debug_line    0x000088fb      0xaf9 Src/usbd_conf.o
 .debug_line    0x000093f4      0x8d5 Src/usbd_custom_hid_if.o
 .debug_line    0x00009cc9      0x8e4 Src/usbd_desc.o
 .debug_line    0x0000a5ad       0x7d startup/startup_stm32f103xb.o

.debug_str      0x00000000    0x6c88f
 .debug_str     0x00000000    0x65a24 Drivers/STM32F1xx_HAL_Driver/Src/stm32f1xx_hal.o
                              0x65d68 (size before relaxing)
 .debug_str     0x00065a24      0x2e1 Drivers/STM32F1xx_HAL_Driver/Src/stm32f1xx_hal_cortex.o
                              0x65d31 (size before relaxing)
 .debug_str     0x00065d05      0x822 Drivers/STM32F1xx_HAL_Driver/Src/stm32f1xx_hal_pcd.o
                              0x65ed7 (size before relaxing)
 .debug_str     0x00066527      0x170 Drivers/STM32F1xx_HAL_Driver/Src/stm32f1xx_hal_pcd_ex.o
                              0x65b1f (size before relaxing)
 .debug_str     0x00066697      0x3b5 Drivers/STM32F1xx_HAL_Driver/Src/stm32f1xx_hal_rcc.o
                              0x65abc (size before relaxing)
 .debug_str     0x00066a4c      0x12b Drivers/STM32F1xx_HAL_Driver/Src/stm32f1xx_hal_rcc_ex.o
                              0x65843 (size before relaxing)
 .debug_str     0x00066b77      0x1a2 Drivers/STM32F1xx_HAL_Driver/Src/stm32f1xx_ll_usb.o
                              0x65b89 (size before relaxing)
 .debug_str     0x00066d19     0x5135 Middlewares/ST/STM32_USB_Device_Library/Class/CustomHID/Src/usbd_customhid.o
                              0x6a88d (size before relaxing)
 .debug_str     0x0006be4e      0x294 Middlewares/ST/STM32_USB_Device_Library/Core/Src/usbd_core.o
                              0x6a572 (size before relaxing)
 .debug_str     0x0006c0e2      0x11b Middlewares/ST/STM32_USB_Device_Library/Core/Src/usbd_ctlreq.o
                              0x6a48c (size before relaxing)
 .debug_str     0x0006c1fd       0x67 Middlewares/ST/STM32_USB_Device_Library/Core/Src/usbd_ioreq.o
                              0x6a3b9 (size before relaxing)
 .debug_str     0x0006c264       0x81 Src/main.o
                              0x6a769 (size before relaxing)
 .debug_str     0x0006c2e5       0x3f Src/stm32f1xx_hal_msp.o
                              0x656a6 (size before relaxing)
 .debug_str     0x0006c324       0xc4 Src/stm32f1xx_it.o
                              0x65a4f (size before relaxing)
 .debug_str     0x0006c3e8       0x69 Src/system_stm32f1xx.o
                              0x6570d (size before relaxing)
 .debug_str     0x0006c451       0xc8 Src/usb_device.o
                              0x6a645 (size before relaxing)
 .debug_str     0x0006c519       0x65 Src/usbd_conf.o
                              0x6b0ca (size before relaxing)
 .debug_str     0x0006c57e       0x7e Src/usbd_custom_hid_if.o
                              0x6a5b2 (size before relaxing)
 .debug_str     0x0006c5fc      0x264 Src/usbd_desc.o
                              0x6a301 (size before relaxing)
 .debug_str     0x0006c860       0x2f startup/startup_stm32f103xb.o
                                 0x5f (size before relaxing)

.comment        0x00000000       0x7f
 .comment       0x00000000       0x7f Drivers/STM32F1xx_HAL_Driver/Src/stm32f1xx_hal.o
                                 0x80 (size before relaxing)
 .comment       0x0000007f       0x80 Drivers/STM32F1xx_HAL_Driver/Src/stm32f1xx_hal_cortex.o
 .comment       0x0000007f       0x80 Drivers/STM32F1xx_HAL_Driver/Src/stm32f1xx_hal_pcd.o
 .comment       0x0000007f       0x80 Drivers/STM32F1xx_HAL_Driver/Src/stm32f1xx_hal_pcd_ex.o
 .comment       0x0000007f       0x80 Drivers/STM32F1xx_HAL_Driver/Src/stm32f1xx_hal_rcc.o
 .comment       0x0000007f       0x80 Drivers/STM32F1xx_HAL_Driver/Src/stm32f1xx_hal_rcc_ex.o
 .comment       0x0000007f       0x80 Drivers/STM32F1xx_HAL_Driver/Src/stm32f1xx_ll_usb.o
 .comment       0x0000007f       0x80 Middlewares/ST/STM32_USB_Device_Library/Class/CustomHID/Src/usbd_customhid.o
 .comment       0x0000007f       0x80 Middlewares/ST/STM32_USB_Device_Library/Core/Src/usbd_core.o
 .comment       0x0000007f       0x80 Middlewares/ST/STM32_USB_Device_Library/Core/Src/usbd_ctlreq.o
 .comment       0x0000007f       0x80 Middlewares/ST/STM32_USB_Device_Library/Core/Src/usbd_ioreq.o
 .comment       0x0000007f       0x80 Src/main.o
 .comment       0x0000007f       0x80 Src/stm32f1xx_hal_msp.o
 .comment       0x0000007f       0x80 Src/stm32f1xx_it.o
 .comment       0x0000007f       0x80 Src/system_stm32f1xx.o
 .comment       0x0000007f       0x80 Src/usb_device.o
 .comment       0x0000007f       0x80 Src/usbd_conf.o
 .comment       0x0000007f       0x80 Src/usbd_custom_hid_if.o
 .comment       0x0000007f       0x80 Src/usbd_desc.o

.debug_frame    0x00000000     0x15b4
 .debug_frame   0x00000000      0x1d0 Drivers/STM32F1xx_HAL_Driver/Src/stm32f1xx_hal.o
 .debug_frame   0x000001d0      0x12c Drivers/STM32F1xx_HAL_Driver/Src/stm32f1xx_hal_cortex.o
 .debug_frame   0x000002fc      0x300 Drivers/STM32F1xx_HAL_Driver/Src/stm32f1xx_hal_pcd.o
 .debug_frame   0x000005fc       0x50 Drivers/STM32F1xx_HAL_Driver/Src/stm32f1xx_hal_pcd_ex.o
 .debug_frame   0x0000064c      0x198 Drivers/STM32F1xx_HAL_Driver/Src/stm32f1xx_hal_rcc.o
 .debug_frame   0x000007e4       0x6c Drivers/STM32F1xx_HAL_Driver/Src/stm32f1xx_hal_rcc_ex.o
 .debug_frame   0x00000850      0x254 Drivers/STM32F1xx_HAL_Driver/Src/stm32f1xx_ll_usb.o
 .debug_frame   0x00000aa4      0x118 Middlewares/ST/STM32_USB_Device_Library/Class/CustomHID/Src/usbd_customhid.o
 .debug_frame   0x00000bbc      0x1c0 Middlewares/ST/STM32_USB_Device_Library/Core/Src/usbd_core.o
 .debug_frame   0x00000d7c      0x178 Middlewares/ST/STM32_USB_Device_Library/Core/Src/usbd_ctlreq.o
 .debug_frame   0x00000ef4       0xb8 Middlewares/ST/STM32_USB_Device_Library/Core/Src/usbd_ioreq.o
 .debug_frame   0x00000fac       0x90 Src/main.o
 .debug_frame   0x0000103c       0x28 Src/stm32f1xx_hal_msp.o
 .debug_frame   0x00001064       0xc0 Src/stm32f1xx_it.o
 .debug_frame   0x00001124       0x30 Src/system_stm32f1xx.o
 .debug_frame   0x00001154       0x28 Src/usb_device.o
 .debug_frame   0x0000117c      0x2ec Src/usbd_conf.o
 .debug_frame   0x00001468       0x40 Src/usbd_custom_hid_if.o
 .debug_frame   0x000014a8       0xe0 Src/usbd_desc.o
 .debug_frame   0x00001588       0x2c c:/ac6/systemworkbench/plugins/fr.ac6.mcu.externaltools.arm-none.win32_1.17.0.201812190825/tools/compiler/bin/../lib/gcc/arm-none-eabi/7.3.1/../../../../arm-none-eabi/lib/thumb/v7-m\libc_nano.a(lib_a-init.o)
